Component: ARM Compiler 5.06 update 6 (build 750) Tool: armlink [4d35ed]

==============================================================================

Section Cross References

    startup_stm32h743xx.o(RESET) refers to startup_stm32h743xx.o(STACK) for __initial_sp
    startup_stm32h743xx.o(RESET) refers to startup_stm32h743xx.o(.text) for Reset_Handler
    startup_stm32h743xx.o(RESET) refers to stm32h7xx_it.o(i.NMI_Handler) for NMI_Handler
    startup_stm32h743xx.o(RESET) refers to stm32h7xx_it.o(i.HardFault_Handler) for HardFault_Handler
    startup_stm32h743xx.o(RESET) refers to stm32h7xx_it.o(i.MemManage_Handler) for MemManage_Handler
    startup_stm32h743xx.o(RESET) refers to stm32h7xx_it.o(i.BusFault_Handler) for BusFault_Handler
    startup_stm32h743xx.o(RESET) refers to stm32h7xx_it.o(i.UsageFault_Handler) for UsageFault_Handler
    startup_stm32h743xx.o(RESET) refers to stm32h7xx_it.o(i.SVC_Handler) for SVC_Handler
    startup_stm32h743xx.o(RESET) refers to stm32h7xx_it.o(i.DebugMon_Handler) for DebugMon_Handler
    startup_stm32h743xx.o(RESET) refers to stm32h7xx_it.o(i.PendSV_Handler) for PendSV_Handler
    startup_stm32h743xx.o(RESET) refers to stm32h7xx_it.o(i.SysTick_Handler) for SysTick_Handler
    startup_stm32h743xx.o(RESET) refers to bsp_flash.o(i.FLASH_IRQHandler) for FLASH_IRQHandler
    startup_stm32h743xx.o(RESET) refers to stm32h7xx_it.o(i.DMA1_Stream0_IRQHandler) for DMA1_Stream0_IRQHandler
    startup_stm32h743xx.o(RESET) refers to stm32h7xx_it.o(i.DMA1_Stream1_IRQHandler) for DMA1_Stream1_IRQHandler
    startup_stm32h743xx.o(RESET) refers to stm32h7xx_it.o(i.DMA1_Stream4_IRQHandler) for DMA1_Stream4_IRQHandler
    startup_stm32h743xx.o(RESET) refers to stm32h7xx_it.o(i.DMA1_Stream5_IRQHandler) for DMA1_Stream5_IRQHandler
    startup_stm32h743xx.o(RESET) refers to bsp_adc.o(i.ADC_IRQHandler) for ADC_IRQHandler
    startup_stm32h743xx.o(RESET) refers to stm32h7xx_it.o(i.USART1_IRQHandler) for USART1_IRQHandler
    startup_stm32h743xx.o(RESET) refers to stm32h7xx_it.o(i.USART3_IRQHandler) for USART3_IRQHandler
    startup_stm32h743xx.o(RESET) refers to stm32h7xx_it.o(i.DMA2_Stream6_IRQHandler) for DMA2_Stream6_IRQHandler
    startup_stm32h743xx.o(RESET) refers to stm32h7xx_it.o(i.DMA2_Stream7_IRQHandler) for DMA2_Stream7_IRQHandler
    startup_stm32h743xx.o(RESET) refers to stm32h7xx_it.o(i.UART8_IRQHandler) for UART8_IRQHandler
    startup_stm32h743xx.o(.text) refers to system_stm32h7xx.o(i.SystemInit) for SystemInit
    startup_stm32h743xx.o(.text) refers to entry.o(.ARM.Collect$$$$00000000) for __main
    main.o(i.CPU_CACHE_Enable) refers to main.o(i.SCB_EnableICache) for SCB_EnableICache
    main.o(i.CPU_CACHE_Enable) refers to main.o(i.SCB_EnableDCache) for SCB_EnableDCache
    main.o(i.MPU_Config) refers to stm32h7xx_hal_cortex.o(i.HAL_MPU_Disable) for HAL_MPU_Disable
    main.o(i.MPU_Config) refers to stm32h7xx_hal_cortex.o(i.HAL_MPU_ConfigRegion) for HAL_MPU_ConfigRegion
    main.o(i.MPU_Config) refers to stm32h7xx_hal_cortex.o(i.HAL_MPU_Enable) for HAL_MPU_Enable
    main.o(i.MX_GPIO_Init) refers to stm32h7xx_hal_gpio.o(i.HAL_GPIO_WritePin) for HAL_GPIO_WritePin
    main.o(i.MX_GPIO_Init) refers to stm32h7xx_hal_gpio.o(i.HAL_GPIO_Init) for HAL_GPIO_Init
    main.o(i.SystemClock_Config) refers to stm32h7xx_hal_pwr_ex.o(i.HAL_PWREx_ConfigSupply) for HAL_PWREx_ConfigSupply
    main.o(i.SystemClock_Config) refers to stm32h7xx_hal_rcc.o(i.HAL_RCC_OscConfig) for HAL_RCC_OscConfig
    main.o(i.SystemClock_Config) refers to stm32h7xx_hal_rcc.o(i.HAL_RCC_ClockConfig) for HAL_RCC_ClockConfig
    main.o(i.delay_ms) refers to stm32h7xx_it.o(.data) for nSysTick
    main.o(i.flash_test) refers to stm32h7xx_hal_gpio.o(i.HAL_GPIO_WritePin) for HAL_GPIO_WritePin
    main.o(i.flash_test) refers to bsp_flash.o(i.FlashWrite_AppWords) for FlashWrite_AppWords
    main.o(i.flash_test) refers to bsp_flash.o(i.FlashWrite_SetAppStartAddr) for FlashWrite_SetAppStartAddr
    main.o(i.flash_test) refers to bsp_flash.o(i.FlashWrite_ChkAppRemainWords) for FlashWrite_ChkAppRemainWords
    main.o(i.flash_test) refers to bsp_flash.o(i.GetSector) for GetSector
    main.o(i.flash_test) refers to bsp_flash.o(i.FlashErase_NSectors) for FlashErase_NSectors
    main.o(i.flash_test) refers to main.o(.data) for flg_init
    main.o(i.flash_test) refers to main.o(.bss) for test_buf
    main.o(i.main) refers to stm32h7xx_hal.o(i.HAL_Init) for HAL_Init
    main.o(i.main) refers to main.o(i.SystemClock_Config) for SystemClock_Config
    main.o(i.main) refers to stm32h7xx_hal_cortex.o(i.HAL_SYSTICK_Config) for HAL_SYSTICK_Config
    main.o(i.main) refers to main.o(i.MX_GPIO_Init) for MX_GPIO_Init
    main.o(i.main) refers to stm32h7xx_hal_gpio.o(i.HAL_GPIO_WritePin) for HAL_GPIO_WritePin
    main.o(i.main) refers to update_task.o(i.boot_info_init) for boot_info_init
    main.o(i.main) refers to power_task.o(i.RF_Init) for RF_Init
    main.o(i.main) refers to power_task.o(i.gTogglePowerSate) for gTogglePowerSate
[...]
    __NVIC_SetPriority                       0x0800a9cd   Thumb Code    32  stm32h7xx_hal_cortex.o(i.__NVIC_SetPriority)
    i.__scatterload_copy                     0x0800a9f4   Section       14  handlers.o(i.__scatterload_copy)
    i.__scatterload_null                     0x0800aa02   Section        2  handlers.o(i.__scatterload_null)
    i.__scatterload_zeroinit                 0x0800aa04   Section       14  handlers.o(i.__scatterload_zeroinit)
    i.alink_finalize_message_chan            0x0800aa12   Section        0  bsp_uart.o(i.alink_finalize_message_chan)
    alink_finalize_message_chan              0x0800aa13   Thumb Code   244  bsp_uart.o(i.alink_finalize_message_chan)
    i.alink_finalize_message_chan            0x0800ab06   Section        0  bsp_batt.o(i.alink_finalize_message_chan)
    alink_finalize_message_chan              0x0800ab07   Thumb Code   244  bsp_batt.o(i.alink_finalize_message_chan)
    i.alink_frame_char_buffer                0x0800abfc   Section        0  uart_task.o(i.alink_frame_char_buffer)
    alink_frame_char_buffer                  0x0800abfd   Thumb Code   526  uart_task.o(i.alink_frame_char_buffer)
    i.alink_get_channel_buffer               0x0800ae10   Section        0  uart_task.o(i.alink_get_channel_buffer)
    alink_get_channel_buffer                 0x0800ae11   Thumb Code    18  uart_task.o(i.alink_get_channel_buffer)
    i.alink_get_channel_status               0x0800ae28   Section        0  uart_task.o(i.alink_get_channel_status)
    alink_get_channel_status                 0x0800ae29   Thumb Code    18  uart_task.o(i.alink_get_channel_status)
    i.alink_get_channel_status               0x0800ae40   Section        0  bsp_uart.o(i.alink_get_channel_status)
    alink_get_channel_status                 0x0800ae41   Thumb Code    18  bsp_uart.o(i.alink_get_channel_status)
    i.alink_get_channel_status               0x0800ae58   Section        0  bsp_batt.o(i.alink_get_channel_status)
    alink_get_channel_status                 0x0800ae59   Thumb Code    18  bsp_batt.o(i.alink_get_channel_status)
    i.alink_parse_char                       0x0800ae70   Section        0  uart_task.o(i.alink_parse_char)
    alink_parse_char                         0x0800ae71   Thumb Code   120  uart_task.o(i.alink_parse_char)
    i.alink_start_crc                        0x0800aee8   Section        0  uart_task.o(i.alink_start_crc)
    alink_start_crc                          0x0800aee9   Thumb Code    12  uart_task.o(i.alink_start_crc)
    i.alink_update_crc                       0x0800aef4   Section        0  uart_task.o(i.alink_update_crc)
    alink_update_crc                         0x0800aef5   Thumb Code    26  uart_task.o(i.alink_update_crc)
    i.batt_msg_parse                         0x0800af14   Section        0  bsp_batt.o(i.batt_msg_parse)
    i.boot_crc_calc                          0x0800afa0   Section        0  update_task.o(i.boot_crc_calc)
    boot_crc_calc                            0x0800afa1   Thumb Code    64  update_task.o(i.boot_crc_calc)
    i.boot_info_init                         0x0800afe4   Section        0  update_task.o(i.boot_info_init)
    i.bsp_adc_seq_cfg                        0x0800affc   Section        0  bsp_adc.o(i.bsp_adc_seq_cfg)
    i.comm_running                           0x0800b028   Section        0  uart_task.o(i.comm_running)
    i.crc_accumulate                         0x0800b04c   Section        0  bsp_uart.o(i.crc_accumulate)
    crc_accumulate                           0x0800b04d   Thumb Code    22  bsp_uart.o(i.crc_accumulate)
    i.crc_accumulate                         0x0800b068   Section        0  bsp_batt.o(i.crc_accumulate)
    crc_accumulate                           0x0800b069   Thumb Code    22  bsp_batt.o(i.crc_accumulate)
    i.delay_ms                               0x0800b084   Section        0  main.o(i.delay_ms)
    i.disable_all_irq                        0x0800b0b0   Section        0  bsp_iap.o(i.disable_all_irq)
    i.do_jump                                0x0800b0dc   Section        0  bsp_iap.o(i.do_jump)
    i.flash_init                             0x0800b120   Section        0  bsp_flash.o(i.flash_init)
    i.flash_uninit                           0x0800b15c   Section        0  bsp_flash.o(i.flash_uninit)
    i.gGetCurPowerState                      0x0800b168   Section        0  power_task.o(i.gGetCurPowerState)
    i.gTogglePowerSate                       0x0800b174   Section        0  power_task.o(i.gTogglePowerSate)
    i.get_bat_percent                        0x0800b198   Section        0  bsp_batt.o(i.get_bat_percent)
    i.main                                   0x0800b1d8   Section        0  main.o(i.main)
    i.packet_receive                         0x0800b2dc   Section        0  uart_task.o(i.packet_receive)
    i.queue_create                           0x0800b32c   Section        0  cqueue.o(i.queue_create)
    i.queue_empty                            0x0800b35e   Section        0  cqueue.o(i.queue_empty)
    i.queue_pop                              0x0800b372   Section        0  cqueue.o(i.queue_pop)
    i.queue_pop_buf                          0x0800b3aa   Section        0  cqueue.o(i.queue_pop_buf)
    i.queue_push_buf                         0x0800b3fe   Section        0  cqueue.o(i.queue_push_buf)
    i.queue_size                             0x0800b45c   Section        0  cqueue.o(i.queue_size)
    i.rs485_comm_task                        0x0800b46c   Section        0  bsp_batt.o(i.rs485_comm_task)
    i.rs485_request_data                     0x0800b6b0   Section        0  bsp_batt.o(i.rs485_request_data)
    i.serial_getchar                         0x0800b724   Section        0  bsp_uart.o(i.serial_getchar)
    i.serial_send                            0x0800b778   Section        0  bsp_uart.o(i.serial_send)
    i.update_comm_running                    0x0800b8f8   Section        0  update_task.o(i.update_comm_running)
    .constdata                               0x0800b93c   Section      768  uart_task.o(.constdata)
    alink_message_crcs                       0x0800b93c   Data         256  uart_task.o(.constdata)
    crc16_table                              0x0800ba3c   Data         512  uart_task.o(.constdata)
    .constdata                               0x0800bc3c   Section     1024  bsp_uart.o(.constdata)
    alink_message_crcs                       0x0800bc3c   Data         256  bsp_uart.o(.constdata)
    crc16_table                              0x0800be3c   Data         512  bsp_uart.o(.constdata)
    .constdata                               0x0800c03c   Section      768  bsp_batt.o(.constdata)
    alink_message_crcs                       0x0800c03c   Data         256  bsp_batt.o(.constdata)
    crc16_table                              0x0800c13c   Data         512  bsp_batt.o(.constdata)
    .constdata                               0x0800c33c   Section       16  system_stm32h7xx.o(.constdata)
    .constdata                               0x0800c34c   Section        8  stm32h7xx_hal_dma.o(.constdata)
    flagBitshiftOffset                       0x0800c34c   Data           8  stm32h7xx_hal_dma.o(.constdata)
    .ARM.__AT_0x24000000                     0x24000000   Section        4  main.o(.ARM.__AT_0x24000000)
    .ARM.__AT_0x24000004                     0x24000004   Section        4  main.o(.ARM.__AT_0x24000004)
    .data                                    0x24000010   Section        4  stm32h7xx_it.o(.data)
    .data                                    0x24000014   Section       28  power_task.o(.data)
    sPowerState                              0x24000020   Data           1  power_task.o(.data)
    tim                                      0x24000024   Data           4  power_task.o(.data)
    sys_sleep                                0x24000028   Data           1  power_task.o(.data)
    nPowerTaskTimer                          0x2400002c   Data           4  power_task.o(.data)
    .data                                    0x24000030   Section       20  bat_manager_task.o(.data)
    sLastReadBatTimer                        0x24000034   Data           4  bat_manager_task.o(.data)
    nChargeTaskTimer                         0x24000038   Data           4  bat_manager_task.o(.data)
    ledtimer                                 0x2400003c   Data           4  bat_manager_task.o(.data)
    ledcnt                                   0x24000040   Data           4  bat_manager_task.o(.data)
    .data                                    0x24000044   Section       14  update_task.o(.data)
    FirstUpdatePacketFlag                    0x24000046   Data           1  update_task.o(.data)
    bootcfg_packet_flag                      0x24000048   Data           1  update_task.o(.data)
    index                                    0x2400004c   Data           4  update_task.o(.data)
    last_seq                                 0x24000050   Data           1  update_task.o(.data)
    curr_seq                                 0x24000051   Data           1  update_task.o(.data)
    .data                                    0x24000052   Section        1  uart_task.o(.data)
    .data                                    0x24000053   Section        1  bsp_uart.o(.data)
    uart8tx_timout                           0x24000053   Data           1  bsp_uart.o(.data)
    .data                                    0x24000054   Section        6  bsp_flash.o(.data)
    FlashWrAddr                              0x24000054   Data           4  bsp_flash.o(.data)
    RemainCnt                                0x24000058   Data           2  bsp_flash.o(.data)
    .data                                    0x2400005c   Section        4  bsp_iap.o(.data)
    .data                                    0x24000060   Section       10  bsp_adc.o(.data)
    .data                                    0x2400006c   Section       18  bsp_batt.o(.data)
    runtim                                   0x24000074   Data           4  bsp_batt.o(.data)
    timout                                   0x24000078   Data           4  bsp_batt.o(.data)
    dev_num                                  0x2400007c   Data           1  bsp_batt.o(.data)
    flg_request                              0x2400007d   Data           1  bsp_batt.o(.data)
    .data                                    0x24000080   Section       20  bsp_beep.o(.data)
    sisAlwaysOn                              0x24000080   Data           1  bsp_beep.o(.data)
    sPrioryty                                0x24000081   Data           1  bsp_beep.o(.data)
    sbeepCount                               0x24000082   Data           1  bsp_beep.o(.data)
    sBuzzStat                                0x24000083   Data           1  bsp_beep.o(.data)
    sHighTime                                0x24000084   Data           4  bsp_beep.o(.data)
    sLowTime                                 0x24000088   Data           4  bsp_beep.o(.data)
    sStartHighTime                           0x2400008c   Data           4  bsp_beep.o(.data)
    sStartLowTime                            0x24000090   Data           4  bsp_beep.o(.data)
    .data                                    0x24000094   Section        8  systemtask.o(.data)
    nId                                      0x24000098   Data           4  systemtask.o(.data)
    .data                                    0x2400009c   Section        8  system_stm32h7xx.o(.data)
    .data                                    0x240000a4   Section        9  stm32h7xx_hal.o(.data)
    .bss                                     0x240000b0   Section     4112  update_task.o(.bss)
    sCodeDecodeBuf                           0x2400069c   Data         300  update_task.o(.bss)
    pAlinkMsg                                0x24000898   Data        1044  update_task.o(.bss)
    uart8_recv_msg                           0x24000cac   Data        1044  update_task.o(.bss)
    .bss                                     0x240010c0   Section     9878  uart_task.o(.bss)
    send_buf                                 0x240010c0   Data        1024  uart_task.o(.bss)
    msg                                      0x240014c0   Data        1044  uart_task.o(.bss)
    status                                   0x24001ce8   Data         518  uart_task.o(.bss)
    m_alink_status                           0x24001eee   Data        2072  uart_task.o(.bss)
    m_alink_buffer                           0x24002706   Data        4176  uart_task.o(.bss)
    .bss                                     0x24003758   Section    14492  bsp_uart.o(.bss)
    m_alink_status                           0x240067dc   Data        2072  bsp_uart.o(.bss)
    .bss                                     0x24006ff4   Section       52  bsp_flash.o(.bss)
    EraseInitStruct                          0x24006ff4   Data          20  bsp_flash.o(.bss)
    FlashWord                                0x24007008   Data          32  bsp_flash.o(.bss)
    .bss                                     0x24007028   Section      264  bsp_adc.o(.bss)
    .bss                                     0x24007130   Section     2232  bsp_batt.o(.bss)
    m_alink_status                           0x240071d0   Data        2072  bsp_batt.o(.bss)
    .bss                                     0x240079e8   Section      544  systemtask.o(.bss)
    taskStats                                0x240079e8   Data          32  systemtask.o(.bss)
    taskObj                                  0x24007a08   Data         512  systemtask.o(.bss)
    .bss                                     0x24007c08   Section       28  stm32h7xx_hal_flash.o(.bss)
    STACK                                    0x24007c28   Section    16384  startup_stm32h743xx.o(STACK)

    Global Symbols

    Symbol Name                              Value     Ov Type        Size  Object(Section)

    BuildAttributes$$THM_ISAv4$E$P$D$K$B$S$7EM$VFPv5_D16$PE$PLD8$A:L22UL41UL21$X:L11$S22US41US21$IEEE1$IW$USESV6$~STKCKD$USESV7$~SHL$OTIME$ROPI$IEEEX$EBA8$MICROLIB$REQ8$PRES8$EABIv2 0x00000000   Number         0  anon$$obj.o ABSOLUTE
    __ARM_use_no_argv                        0x00000000   Number         0  main.o ABSOLUTE
    __cpp_initialize__aeabi_                  - Undefined Weak Reference
    __cxa_finalize                            - Undefined Weak Reference
    __decompress                              - Undefined Weak Reference
    _clock_init                               - Undefined Weak Reference
    _microlib_exit                            - Undefined Weak Reference
    __Vectors_Size                           0x00000298   Number         0  startup_stm32h743xx.o ABSOLUTE
    __Vectors                                0x08000000   Data           4  startup_stm32h743xx.o(RESET)
    __Vectors_End                            0x08000298   Data           0  startup_stm32h743xx.o(RESET)
    __main                                   0x08000299   Thumb Code     0  entry.o(.ARM.Collect$$$$00000000)
    _main_stk                                0x08000299   Thumb Code     0  entry2.o(.ARM.Collect$$$$00000001)
    _main_scatterload                        0x0800029d   Thumb Code     0  entry5.o(.ARM.Collect$$$$00000004)
    __main_after_scatterload                 0x080002a1   Thumb Code     0  entry5.o(.ARM.Collect$$$$00000004)
    _main_clock                              0x080002a1   Thumb Code     0  entry7b.o(.ARM.Collect$$$$00000008)
    _main_cpp_init                           0x080002a1   Thumb Code     0  entry8b.o(.ARM.Collect$$$$0000000A)
    _main_init                               0x080002a1   Thumb Code     0  entry9a.o(.ARM.Collect$$$$0000000B)
    __rt_final_cpp                           0x080002a9   Thumb Code     0  entry10a.o(.ARM.Collect$$$$0000000D)
    __rt_final_exit                          0x080002a9   Thumb Code     0  entry11a.o(.ARM.Collect$$$$0000000F)
    Reset_Handler                            0x080002ad   Thumb Code     8  startup_stm32h743xx.o(.text)
    ADC3_IRQHandler                          0x080002c7   Thumb Code     0  startup_stm32h743xx.o(.text)
    BDMA_Channel0_IRQHandler                 0x080002c7   Thumb Code     0  startup_stm32h743xx.o(.text)
    BDMA_Channel1_IRQHandler                 0x080002c7   Thumb Code     0  startup_stm32h743xx.o(.text)
    BDMA_Channel2_IRQHandler                 0x080002c7   Thumb Code     0  startup_stm32h743xx.o(.text)
    BDMA_Channel3_IRQHandler                 0x080002c7   Thumb Code     0  startup_stm32h743xx.o(.text)
    BDMA_Channel4_IRQHandler                 0x080002c7   Thumb Code     0  startup_stm32h743xx.o(.text)
    BDMA_Channel5_IRQHandler                 0x080002c7   Thumb Code     0  startup_stm32h743xx.o(.text)
    BDMA_Channel6_IRQHandler                 0x080002c7   Thumb Code     0  startup_stm32h743xx.o(.text)
    BDMA_Channel7_IRQHandler                 0x080002c7   Thumb Code     0  startup_stm32h743xx.o(.text)
    CEC_IRQHandler                           0x080002c7   Thumb Code     0  startup_stm32h743xx.o(.text)
    COMP1_IRQHandler                         0x080002c7   Thumb Code     0  startup_stm32h743xx.o(.text)
    CRS_IRQHandler                           0x080002c7   Thumb Code     0  startup_stm32h743xx.o(.text)
    DCMI_IRQHandler                          0x080002c7   Thumb Code     0  startup_stm32h743xx.o(.text)
    DFSDM1_FLT0_IRQHandler                   0x080002c7   Thumb Code     0  startup_stm32h743xx.o(.text)
    DFSDM1_FLT1_IRQHandler                   0x080002c7   Thumb Code     0  startup_stm32h743xx.o(.text)
    DFSDM1_FLT2_IRQHandler                   0x080002c7   Thumb Code     0  startup_stm32h743xx.o(.text)
    DFSDM1_FLT3_IRQHandler                   0x080002c7   Thumb Code     0  startup_stm32h743xx.o(.text)
    DMA1_Stream2_IRQHandler                  0x080002c7   Thumb Code     0  startup_stm32h743xx.o(.text)
    DMA1_Stream3_IRQHandler                  0x080002c7   Thumb Code     0  startup_stm32h743xx.o(.text)
    DMA1_Stream6_IRQHandler                  0x080002c7   Thumb Code     0  startup_stm32h743xx.o(.text)
    DMA1_Stream7_IRQHandler                  0x080002c7   Thumb Code     0  startup_stm32h743xx.o(.text)
    DMA2D_IRQHandler                         0x080002c7   Thumb Code     0  startup_stm32h743xx.o(.text)
    DMA2_Stream0_IRQHandler                  0x080002c7   Thumb Code     0  startup_stm32h743xx.o(.text)
    DMA2_Stream1_IRQHandler                  0x080002c7   Thumb Code     0  startup_stm32h743xx.o(.text)
    DMA2_Stream2_IRQHandler                  0x080002c7   Thumb Code     0  startup_stm32h743xx.o(.text)
    DMA2_Stream3_IRQHandler                  0x080002c7   Thumb Code     0  startup_stm32h743xx.o(.text)
    DMA2_Stream4_IRQHandler                  0x080002c7   Thumb Code     0  startup_stm32h743xx.o(.text)
    DMA2_Stream5_IRQHandler                  0x080002c7   Thumb Code     0  startup_stm32h743xx.o(.text)
    DMAMUX1_OVR_IRQHandler                   0x080002c7   Thumb Code     0  startup_stm32h743xx.o(.text)
    DMAMUX2_OVR_IRQHandler                   0x080002c7   Thumb Code     0  startup_stm32h743xx.o(.text)
    ECC_IRQHandler                           0x080002c7   Thumb Code     0  startup_stm32h743xx.o(.text)
    ETH_IRQHandler                           0x080002c7   Thumb Code     0  startup_stm32h743xx.o(.text)
    ETH_WKUP_IRQHandler                      0x080002c7   Thumb Code     0  startup_stm32h743xx.o(.text)
    EXTI0_IRQHandler                         0x080002c7   Thumb Code     0  startup_stm32h743xx.o(.text)
    EXTI15_10_IRQHandler                     0x080002c7   Thumb Code     0  startup_stm32h743xx.o(.text)
    EXTI1_IRQHandler                         0x080002c7   Thumb Code     0  startup_stm32h743xx.o(.text)
    EXTI2_IRQHandler                         0x080002c7   Thumb Code     0  startup_stm32h743xx.o(.text)
    EXTI3_IRQHandler                         0x080002c7   Thumb Code     0  startup_stm32h743xx.o(.text)
    EXTI4_IRQHandler                         0x080002c7   Thumb Code     0  startup_stm32h743xx.o(.text)
    EXTI9_5_IRQHandler                       0x080002c7   Thumb Code     0  startup_stm32h743xx.o(.text)
    FDCAN1_IT0_IRQHandler                    0x080002c7   Thumb Code     0  startup_stm32h743xx.o(.text)
    FDCAN1_IT1_IRQHandler                    0x080002c7   Thumb Code     0  startup_stm32h743xx.o(.text)
    FDCAN2_IT0_IRQHandler                    0x080002c7   Thumb Code     0  startup_stm32h743xx.o(.text)
    FDCAN2_IT1_IRQHandler                    0x080002c7   Thumb Code     0  startup_stm32h743xx.o(.text)
    FDCAN_CAL_IRQHandler                     0x080002c7   Thumb Code     0  startup_stm32h743xx.o(.text)
    FMC_IRQHandler                           0x080002c7   Thumb Code     0  startup_stm32h743xx.o(.text)
    FPU_IRQHandler                           0x080002c7   Thumb Code     0  startup_stm32h743xx.o(.text)
    HRTIM1_FLT_IRQHandler                    0x080002c7   Thumb Code     0  startup_stm32h743xx.o(.text)
    HRTIM1_Master_IRQHandler                 0x080002c7   Thumb Code     0  startup_stm32h743xx.o(.text)
    HRTIM1_TIMA_IRQHandler                   0x080002c7   Thumb Code     0  startup_stm32h743xx.o(.text)
    HRTIM1_TIMB_IRQHandler                   0x080002c7   Thumb Code     0  startup_stm32h743xx.o(.text)
    HRTIM1_TIMC_IRQHandler                   0x080002c7   Thumb Code     0  startup_stm32h743xx.o(.text)
    HRTIM1_TIMD_IRQHandler                   0x080002c7   Thumb Code     0  startup_stm32h743xx.o(.text)
    HRTIM1_TIME_IRQHandler                   0x080002c7   Thumb Code     0  startup_stm32h743xx.o(.text)
    HSEM1_IRQHandler                         0x080002c7   Thumb Code     0  startup_stm32h743xx.o(.text)
    I2C1_ER_IRQHandler                       0x080002c7   Thumb Code     0  startup_stm32h743xx.o(.text)
    I2C1_EV_IRQHandler                       0x080002c7   Thumb Code     0  startup_stm32h743xx.o(.text)
    I2C2_ER_IRQHandler                       0x080002c7   Thumb Code     0  startup_stm32h743xx.o(.text)
    I2C2_EV_IRQHandler                       0x080002c7   Thumb Code     0  startup_stm32h743xx.o(.text)
    I2C3_ER_IRQHandler                       0x080002c7   Thumb Code     0  startup_stm32h743xx.o(.text)
    I2C3_EV_IRQHandler                       0x080002c7   Thumb Code     0  startup_stm32h743xx.o(.text)
    I2C4_ER_IRQHandler                       0x080002c7   Thumb Code     0  startup_stm32h743xx.o(.text)
    I2C4_EV_IRQHandler                       0x080002c7   Thumb Code     0  startup_stm32h743xx.o(.text)
    JPEG_IRQHandler                          0x080002c7   Thumb Code     0  startup_stm32h743xx.o(.text)
    LPTIM1_IRQHandler                        0x080002c7   Thumb Code     0  startup_stm32h743xx.o(.text)
    LPTIM2_IRQHandler                        0x080002c7   Thumb Code     0  startup_stm32h743xx.o(.text)
    LPTIM3_IRQHandler                        0x080002c7   Thumb Code     0  startup_stm32h743xx.o(.text)
    LPTIM4_IRQHandler                        0x080002c7   Thumb Code     0  startup_stm32h743xx.o(.text)
    LPTIM5_IRQHandler                        0x080002c7   Thumb Code     0  startup_stm32h743xx.o(.text)
    LPUART1_IRQHandler                       0x080002c7   Thumb Code     0  startup_stm32h743xx.o(.text)
    LTDC_ER_IRQHandler                       0x080002c7   Thumb Code     0  startup_stm32h743xx.o(.text)
    LTDC_IRQHandler                          0x080002c7   Thumb Code     0  startup_stm32h743xx.o(.text)
    MDIOS_IRQHandler                         0x080002c7   Thumb Code     0  startup_stm32h743xx.o(.text)
    MDIOS_WKUP_IRQHandler                    0x080002c7   Thumb Code     0  startup_stm32h743xx.o(.text)
    MDMA_IRQHandler                          0x080002c7   Thumb Code     0  startup_stm32h743xx.o(.text)
    OTG_FS_EP1_IN_IRQHandler                 0x080002c7   Thumb Code     0  startup_stm32h743xx.o(.text)
    OTG_FS_EP1_OUT_IRQHandler                0x080002c7   Thumb Code     0  startup_stm32h743xx.o(.text)
    OTG_FS_IRQHandler                        0x080002c7   Thumb Code     0  startup_stm32h743xx.o(.text)
    OTG_FS_WKUP_IRQHandler                   0x080002c7   Thumb Code     0  startup_stm32h743xx.o(.text)
    OTG_HS_EP1_IN_IRQHandler                 0x080002c7   Thumb Code     0  startup_stm32h743xx.o(.text)
    OTG_HS_EP1_OUT_IRQHandler                0x080002c7   Thumb Code     0  startup_stm32h743xx.o(.text)
    OTG_HS_IRQHandler                        0x080002c7   Thumb Code     0  startup_stm32h743xx.o(.text)
    OTG_HS_WKUP_IRQHandler                   0x080002c7   Thumb Code     0  startup_stm32h743xx.o(.text)
    PVD_AVD_IRQHandler                       0x080002c7   Thumb Code     0  startup_stm32h743xx.o(.text)
    QUADSPI_IRQHandler                       0x080002c7   Thumb Code     0  startup_stm32h743xx.o(.text)
    RCC_IRQHandler                           0x080002c7   Thumb Code     0  startup_stm32h743xx.o(.text)
    RNG_IRQHandler                           0x080002c7   Thumb Code     0  startup_stm32h743xx.o(.text)
    RTC_Alarm_IRQHandler                     0x080002c7   Thumb Code     0  startup_stm32h743xx.o(.text)
    RTC_WKUP_IRQHandler                      0x080002c7   Thumb Code     0  startup_stm32h743xx.o(.text)
    SAI1_IRQHandler                          0x080002c7   Thumb Code     0  startup_stm32h743xx.o(.text)
    SAI2_IRQHandler                          0x080002c7   Thumb Code     0  startup_stm32h743xx.o(.text)
    SAI3_IRQHandler                          0x080002c7   Thumb Code     0  startup_stm32h743xx.o(.text)
    SAI4_IRQHandler                          0x080002c7   Thumb Code     0  startup_stm32h743xx.o(.text)
    SDMMC1_IRQHandler                        0x080002c7   Thumb Code     0  startup_stm32h743xx.o(.text)
    SDMMC2_IRQHandler                        0x080002c7   Thumb Code     0  startup_stm32h743xx.o(.text)
    SPDIF_RX_IRQHandler                      0x080002c7   Thumb Code     0  startup_stm32h743xx.o(.text)
    SPI1_IRQHandler                          0x080002c7   Thumb Code     0  startup_stm32h743xx.o(.text)
    SPI2_IRQHandler                          0x080002c7   Thumb Code     0  startup_stm32h743xx.o(.text)
    SPI3_IRQHandler                          0x080002c7   Thumb Code     0  startup_stm32h743xx.o(.text)
    SPI4_IRQHandler                          0x080002c7   Thumb Code     0  startup_stm32h743xx.o(.text)
    SPI5_IRQHandler                          0x080002c7   Thumb Code     0  startup_stm32h743xx.o(.text)
    SPI6_IRQHandler                          0x080002c7   Thumb Code     0  startup_stm32h743xx.o(.text)
    SWPMI1_IRQHandler                        0x080002c7   Thumb Code     0  startup_stm32h743xx.o(.text)
    TAMP_STAMP_IRQHandler                    0x080002c7   Thumb Code     0  startup_stm32h743xx.o(.text)
    TIM15_IRQHandler                         0x080002c7   Thumb Code     0  startup_stm32h743xx.o(.text)
    TIM16_IRQHandler                         0x080002c7   Thumb Code     0  startup_stm32h743xx.o(.text)
    TIM17_IRQHandler                         0x080002c7   Thumb Code     0  startup_stm32h743xx.o(.text)
    TIM1_BRK_IRQHandler                      0x080002c7   Thumb Code     0  startup_stm32h743xx.o(.text)
    TIM1_CC_IRQHandler                       0x080002c7   Thumb Code     0  startup_stm32h743xx.o(.text)
    TIM1_TRG_COM_IRQHandler                  0x080002c7   Thumb Code     0  startup_stm32h743xx.o(.text)
    TIM1_UP_IRQHandler                       0x080002c7   Thumb Code     0  startup_stm32h743xx.o(.text)
    TIM2_IRQHandler                          0x080002c7   Thumb Code     0  startup_stm32h743xx.o(.text)
    TIM3_IRQHandler                          0x080002c7   Thumb Code     0  startup_stm32h743xx.o(.text)
    TIM4_IRQHandler                          0x080002c7   Thumb Code     0  startup_stm32h743xx.o(.text)
    TIM5_IRQHandler                          0x080002c7   Thumb Code     0  startup_stm32h743xx.o(.text)
    TIM6_DAC_IRQHandler                      0x080002c7   Thumb Code     0  startup_stm32h743xx.o(.text)
    TIM7_IRQHandler                          0x080002c7   Thumb Code     0  startup_stm32h743xx.o(.text)
    TIM8_BRK_TIM12_IRQHandler                0x080002c7   Thumb Code     0  startup_stm32h743xx.o(.text)
    TIM8_CC_IRQHandler                       0x080002c7   Thumb Code     0  startup_stm32h743xx.o(.text)
    TIM8_TRG_COM_TIM14_IRQHandler            0x080002c7   Thumb Code     0  startup_stm32h743xx.o(.text)
    TIM8_UP_TIM13_IRQHandler                 0x080002c7   Thumb Code     0  startup_stm32h743xx.o(.text)
    UART4_IRQHandler                         0x080002c7   Thumb Code     0  startup_stm32h743xx.o(.text)
    UART5_IRQHandler                         0x080002c7   Thumb Code     0  startup_stm32h743xx.o(.text)
    UART7_IRQHandler                         0x080002c7   Thumb Code     0  startup_stm32h743xx.o(.text)
    USART2_IRQHandler                        0x080002c7   Thumb Code     0  startup_stm32h743xx.o(.text)
    USART6_IRQHandler                        0x080002c7   Thumb Code     0  startup_stm32h743xx.o(.text)
    WAKEUP_PIN_IRQHandler                    0x080002c7   Thumb Code     0  startup_stm32h743xx.o(.text)
    WWDG_IRQHandler                          0x080002c7   Thumb Code     0  startup_stm32h743xx.o(.text)
    __aeabi_uldivmod                         0x080002d1   Thumb Code    98  uldiv.o(.text)
    __aeabi_memcpy                           0x08000333   Thumb Code    36  memcpya.o(.text)
    __aeabi_memcpy4                          0x08000333   Thumb Code     0  memcpya.o(.text)
    __aeabi_memcpy8                          0x08000333   Thumb Code     0  memcpya.o(.text)
    __aeabi_memset                           0x08000357   Thumb Code    14  memseta.o(.text)
    __aeabi_memset4                          0x08000357   Thumb Code     0  memseta.o(.text)
    __aeabi_memset8                          0x08000357   Thumb Code     0  memseta.o(.text)
    __aeabi_memclr                           0x08000365   Thumb Code     4  memseta.o(.text)
    __aeabi_memclr4                          0x08000365   Thumb Code     0  memseta.o(.text)
    __aeabi_memclr8                          0x08000365   Thumb Code     0  memseta.o(.text)
    _memset$wrapper                          0x08000369   Thumb Code    18  memseta.o(.text)
    __aeabi_llsl                             0x0800037b   Thumb Code    30  llshl.o(.text)
    _ll_shift_l                              0x0800037b   Thumb Code     0  llshl.o(.text)
    __aeabi_llsr                             0x08000399   Thumb Code    32  llushr.o(.text)
    _ll_ushift_r                             0x08000399   Thumb Code     0  llushr.o(.text)
    __scatterload                            0x080003b9   Thumb Code    28  init.o(.text)
    __scatterload_rt2                        0x080003b9   Thumb Code     0  init.o(.text)
    ADC_ConversionStop                       0x080003dd   Thumb Code   268  stm32h7xx_hal_adc.o(i.ADC_ConversionStop)
    ADC_Disable                              0x080004f1   Thumb Code   132  stm32h7xx_hal_adc.o(i.ADC_Disable)
    ADC_Enable                               0x08000579   Thumb Code   172  stm32h7xx_hal_adc.o(i.ADC_Enable)
    ADC_IRQHandler                           0x08000639   Thumb Code    16  bsp_adc.o(i.ADC_IRQHandler)
    AddChargeTask                            0x08000651   Thumb Code    18  bat_manager_task.o(i.AddChargeTask)
    AddPowerTask                             0x08000675   Thumb Code    18  power_task.o(i.AddPowerTask)
    AddTask                                  0x08000699   Thumb Code   148  systemtask.o(i.AddTask)
    AddUartCommonTask                        0x0800073d   Thumb Code    18  uart_task.o(i.AddUartCommonTask)
    AddUpdateTask                            0x08000761   Thumb Code    18  update_task.o(i.AddUpdateTask)
    AlinkPacket_Reply                        0x08000785   Thumb Code   136  bsp_uart.o(i.AlinkPacket_Reply)
    BusFault_Handler                         0x08000819   Thumb Code     4  stm32h7xx_it.o(i.BusFault_Handler)
    BuzzControl                              0x0800081d   Thumb Code   350  bsp_beep.o(i.BuzzControl)
    BuzzOn_time                              0x080009a1   Thumb Code   190  bsp_beep.o(i.BuzzOn_time)
    ChargeTask                               0x08000a85   Thumb Code    60  bat_manager_task.o(i.ChargeTask)
    ChargeTaskInit                           0x08000ac9   Thumb Code     4  bat_manager_task.o(i.ChargeTaskInit)
    ChargeTaskUninit                         0x08000acd   Thumb Code     4  bat_manager_task.o(i.ChargeTaskUninit)
    CheckAppCode                             0x08000ad1   Thumb Code   174  update_task.o(i.CheckAppCode)
    Clear_Buzzer                             0x08000b91   Thumb Code    36  bsp_beep.o(i.Clear_Buzzer)
    DMA1_Stream0_IRQHandler                  0x08000bcd   Thumb Code    10  stm32h7xx_it.o(i.DMA1_Stream0_IRQHandler)
    DMA1_Stream1_IRQHandler                  0x08000bdd   Thumb Code    10  stm32h7xx_it.o(i.DMA1_Stream1_IRQHandler)
    DMA1_Stream4_IRQHandler                  0x08000bed   Thumb Code    10  stm32h7xx_it.o(i.DMA1_Stream4_IRQHandler)
    DMA1_Stream5_IRQHandler                  0x08000bfd   Thumb Code    10  stm32h7xx_it.o(i.DMA1_Stream5_IRQHandler)
    DMA2_Stream6_IRQHandler                  0x08000c0d   Thumb Code    10  stm32h7xx_it.o(i.DMA2_Stream6_IRQHandler)
    DMA2_Stream7_IRQHandler                  0x08000c1d   Thumb Code    10  stm32h7xx_it.o(i.DMA2_Stream7_IRQHandler)
    DebugMon_Handler                         0x08001199   Thumb Code     2  stm32h7xx_it.o(i.DebugMon_Handler)
    DevDSP_AlinkMsgParse                     0x0800119b   Thumb Code    52  update_task.o(i.DevDSP_AlinkMsgParse)
    FLASH_Erase_Sector                       0x080011d1   Thumb Code    88  stm32h7xx_hal_flash_ex.o(i.FLASH_Erase_Sector)
    FLASH_IRQHandler                         0x08001231   Thumb Code    42  bsp_flash.o(i.FLASH_IRQHandler)
    FLASH_WaitForLastOperation               0x0800130d   Thumb Code   222  stm32h7xx_hal_flash.o(i.FLASH_WaitForLastOperation)
    FlashErase_AppSectors                    0x08001409   Thumb Code    32  bsp_flash.o(i.FlashErase_AppSectors)
    FlashErase_BootCfgSectors                0x08001431   Thumb Code    24  bsp_flash.o(i.FlashErase_BootCfgSectors)
    FlashErase_NSectors                      0x0800144d   Thumb Code   142  bsp_flash.o(i.FlashErase_NSectors)
    FlashRead                                0x080014f1   Thumb Code   130  bsp_flash.o(i.FlashRead)
    FlashWrite_AppWords                      0x08001585   Thumb Code   158  bsp_flash.o(i.FlashWrite_AppWords)
    FlashWrite_BootCfg                       0x08001639   Thumb Code   162  bsp_flash.o(i.FlashWrite_BootCfg)
    FlashWrite_ChkAppRemainWords             0x080016e9   Thumb Code    68  bsp_flash.o(i.FlashWrite_ChkAppRemainWords)
    FlashWrite_SetAppStartAddr               0x08001739   Thumb Code    14  bsp_flash.o(i.FlashWrite_SetAppStartAddr)
    GetSector                                0x08001755   Thumb Code   232  bsp_flash.o(i.GetSector)
    Get_Key                                  0x08001879   Thumb Code   218  power_task.o(i.Get_Key)
    HAL_ADCEx_EndOfSamplingCallback          0x08001971   Thumb Code     2  stm32h7xx_hal_adc_ex.o(i.HAL_ADCEx_EndOfSamplingCallback)
    HAL_ADCEx_InjectedConvCpltCallback       0x08001973   Thumb Code     2  stm32h7xx_hal_adc_ex.o(i.HAL_ADCEx_InjectedConvCpltCallback)
    HAL_ADCEx_InjectedQueueOverflowCallback  0x08001975   Thumb Code     2  stm32h7xx_hal_adc_ex.o(i.HAL_ADCEx_InjectedQueueOverflowCallback)
    HAL_ADCEx_LevelOutOfWindow2Callback      0x08001977   Thumb Code     2  stm32h7xx_hal_adc_ex.o(i.HAL_ADCEx_LevelOutOfWindow2Callback)
    HAL_ADCEx_LevelOutOfWindow3Callback      0x08001979   Thumb Code     2  stm32h7xx_hal_adc_ex.o(i.HAL_ADCEx_LevelOutOfWindow3Callback)
    HAL_ADC_ConfigChannel                    0x0800197d   Thumb Code  1300  stm32h7xx_hal_adc.o(i.HAL_ADC_ConfigChannel)
    HAL_ADC_ConvCpltCallback                 0x08001eb9   Thumb Code   124  bsp_adc.o(i.HAL_ADC_ConvCpltCallback)
    HAL_ADC_ErrorCallback                    0x08001f4d   Thumb Code     2  stm32h7xx_hal_adc.o(i.HAL_ADC_ErrorCallback)
    HAL_ADC_IRQHandler                       0x08001f51   Thumb Code   840  stm32h7xx_hal_adc.o(i.HAL_ADC_IRQHandler)
    HAL_ADC_LevelOutOfWindowCallback         0x080022a9   Thumb Code     2  stm32h7xx_hal_adc.o(i.HAL_ADC_LevelOutOfWindowCallback)
    HAL_ADC_Start_IT                         0x080022ad   Thumb Code   474  stm32h7xx_hal_adc.o(i.HAL_ADC_Start_IT)
    HAL_ADC_Stop_IT                          0x08002499   Thumb Code    86  stm32h7xx_hal_adc.o(i.HAL_ADC_Stop_IT)
    HAL_DMA_Abort                            0x080024f1   Thumb Code  1236  stm32h7xx_hal_dma.o(i.HAL_DMA_Abort)
    HAL_DMA_Abort_IT                         0x080029cd   Thumb Code   906  stm32h7xx_hal_dma.o(i.HAL_DMA_Abort_IT)
    HAL_DMA_DeInit                           0x08002d65   Thumb Code   876  stm32h7xx_hal_dma.o(i.HAL_DMA_DeInit)
    HAL_DMA_GetError                         0x080030dd   Thumb Code     6  stm32h7xx_hal_dma.o(i.HAL_DMA_GetError)
    HAL_DMA_IRQHandler                       0x080030e5   Thumb Code  2800  stm32h7xx_hal_dma.o(i.HAL_DMA_IRQHandler)
    HAL_DMA_Init                             0x08003bdd   Thumb Code  1304  stm32h7xx_hal_dma.o(i.HAL_DMA_Init)
    HAL_DMA_Start_IT                         0x080040fd   Thumb Code   950  stm32h7xx_hal_dma.o(i.HAL_DMA_Start_IT)
    HAL_FLASHEx_Erase                        0x080044c1   Thumb Code   302  stm32h7xx_hal_flash_ex.o(i.HAL_FLASHEx_Erase)
    HAL_FLASH_EndOfOperationCallback         0x080045fd   Thumb Code     2  stm32h7xx_hal_flash.o(i.HAL_FLASH_EndOfOperationCallback)
    HAL_FLASH_IRQHandler                     0x08004601   Thumb Code   524  stm32h7xx_hal_flash.o(i.HAL_FLASH_IRQHandler)
    HAL_FLASH_Lock                           0x08004819   Thumb Code    58  stm32h7xx_hal_flash.o(i.HAL_FLASH_Lock)
    HAL_FLASH_OperationErrorCallback         0x0800485d   Thumb Code     2  stm32h7xx_hal_flash.o(i.HAL_FLASH_OperationErrorCallback)
    HAL_FLASH_Program                        0x08004861   Thumb Code   286  stm32h7xx_hal_flash.o(i.HAL_FLASH_Program)
    HAL_FLASH_Unlock                         0x0800498d   Thumb Code    78  stm32h7xx_hal_flash.o(i.HAL_FLASH_Unlock)
    HAL_GPIO_DeInit                          0x080049ed   Thumb Code   328  stm32h7xx_hal_gpio.o(i.HAL_GPIO_DeInit)
    HAL_GPIO_Init                            0x08004b65   Thumb Code   468  stm32h7xx_hal_gpio.o(i.HAL_GPIO_Init)
    HAL_GPIO_ReadPin                         0x08004d6d   Thumb Code    16  stm32h7xx_hal_gpio.o(i.HAL_GPIO_ReadPin)
    HAL_GPIO_WritePin                        0x08004d7d   Thumb Code    12  stm32h7xx_hal_gpio.o(i.HAL_GPIO_WritePin)
    HAL_GetREVID                             0x08004d89   Thumb Code     8  stm32h7xx_hal.o(i.HAL_GetREVID)
    HAL_GetTick                              0x08004d95   Thumb Code     6  stm32h7xx_hal.o(i.HAL_GetTick)
    HAL_IncTick                              0x08004da1   Thumb Code    16  stm32h7xx_hal.o(i.HAL_IncTick)
    HAL_Init                                 0x08004db9   Thumb Code    80  stm32h7xx_hal.o(i.HAL_Init)
    HAL_InitTick                             0x08004e19   Thumb Code    74  stm32h7xx_hal.o(i.HAL_InitTick)
    HAL_MspInit                              0x08004e71   Thumb Code     2  stm32h7xx_hal_msp.o(i.HAL_MspInit)
    HAL_NVIC_DisableIRQ                      0x08004e75   Thumb Code    62  stm32h7xx_hal_cortex.o(i.HAL_NVIC_DisableIRQ)
    HAL_NVIC_EnableIRQ                       0x08004eb9   Thumb Code    32  stm32h7xx_hal_cortex.o(i.HAL_NVIC_EnableIRQ)
    HAL_NVIC_SetPriority                     0x08004ed9   Thumb Code   122  stm32h7xx_hal_cortex.o(i.HAL_NVIC_SetPriority)
    HAL_NVIC_SetPriorityGrouping             0x08004f55   Thumb Code    32  stm32h7xx_hal_cortex.o(i.HAL_NVIC_SetPriorityGrouping)
    HAL_PWREx_ConfigSupply                   0x08004f7d   Thumb Code    90  stm32h7xx_hal_pwr_ex.o(i.HAL_PWREx_ConfigSupply)
    HAL_RCCEx_GetD3PCLK1Freq                 0x08004fdd   Thumb Code    26  stm32h7xx_hal_rcc_ex.o(i.HAL_RCCEx_GetD3PCLK1Freq)
    HAL_RCCEx_GetPLL2ClockFreq               0x08005001   Thumb Code   536  stm32h7xx_hal_rcc_ex.o(i.HAL_RCCEx_GetPLL2ClockFreq)
    HAL_RCCEx_GetPLL3ClockFreq               0x08005231   Thumb Code   536  stm32h7xx_hal_rcc_ex.o(i.HAL_RCCEx_GetPLL3ClockFreq)
    HAL_RCCEx_PeriphCLKConfig                0x08005461   Thumb Code  2842  stm32h7xx_hal_rcc_ex.o(i.HAL_RCCEx_PeriphCLKConfig)
    HAL_RCC_ClockConfig                      0x08005f81   Thumb Code   774  stm32h7xx_hal_rcc.o(i.HAL_RCC_ClockConfig)
    HAL_RCC_GetHCLKFreq                      0x080062a1   Thumb Code    60  stm32h7xx_hal_rcc.o(i.HAL_RCC_GetHCLKFreq)
    HAL_RCC_GetPCLK1Freq                     0x080062ed   Thumb Code    26  stm32h7xx_hal_rcc.o(i.HAL_RCC_GetPCLK1Freq)
    HAL_RCC_GetPCLK2Freq                     0x08006311   Thumb Code    26  stm32h7xx_hal_rcc.o(i.HAL_RCC_GetPCLK2Freq)
    HAL_RCC_GetSysClockFreq                  0x08006335   Thumb Code   524  stm32h7xx_hal_rcc.o(i.HAL_RCC_GetSysClockFreq)
    HAL_RCC_OscConfig                        0x08006561   Thumb Code  1910  stm32h7xx_hal_rcc.o(i.HAL_RCC_OscConfig)
    HAL_SYSTICK_Config                       0x08006ce1   Thumb Code    52  stm32h7xx_hal_cortex.o(i.HAL_SYSTICK_Config)
    HAL_UARTEx_RxFifoFullCallback            0x08006d15   Thumb Code     2  stm32h7xx_hal_uart_ex.o(i.HAL_UARTEx_RxFifoFullCallback)
    HAL_UARTEx_TxFifoEmptyCallback           0x08006d17   Thumb Code     2  stm32h7xx_hal_uart_ex.o(i.HAL_UARTEx_TxFifoEmptyCallback)
    HAL_UARTEx_WakeupCallback                0x08006d19   Thumb Code     2  stm32h7xx_hal_uart_ex.o(i.HAL_UARTEx_WakeupCallback)
    HAL_UART_DMAStopRx                       0x08006d1d   Thumb Code   106  bsp_uart.o(i.HAL_UART_DMAStopRx)
    HAL_UART_DMAStopTx                       0x08006d8d   Thumb Code   102  bsp_uart.o(i.HAL_UART_DMAStopTx)
    HAL_UART_DeInit                          0x08006df3   Thumb Code    72  stm32h7xx_hal_uart.o(i.HAL_UART_DeInit)
    HAL_UART_ErrorCallback                   0x08006e3b   Thumb Code     2  bsp_uart.o(i.HAL_UART_ErrorCallback)
    HAL_UART_IRQHandler                      0x08006e3d   Thumb Code   512  stm32h7xx_hal_uart.o(i.HAL_UART_IRQHandler)
    HAL_UART_Init                            0x08007049   Thumb Code   120  stm32h7xx_hal_uart.o(i.HAL_UART_Init)
    HAL_UART_MspDeInit                       0x080070c1   Thumb Code   240  stm32h7xx_hal_msp.o(i.HAL_UART_MspDeInit)
    HAL_UART_MspInit                         0x080071f9   Thumb Code   954  stm32h7xx_hal_msp.o(i.HAL_UART_MspInit)
    HAL_UART_Receive_DMA                     0x08007605   Thumb Code   188  stm32h7xx_hal_uart.o(i.HAL_UART_Receive_DMA)
    HAL_UART_RxCpltCallback                  0x080076cd   Thumb Code     2  bsp_uart.o(i.HAL_UART_RxCpltCallback)
    HAL_UART_RxHalfCpltCallback              0x080076cf   Thumb Code     2  stm32h7xx_hal_uart.o(i.HAL_UART_RxHalfCpltCallback)
    HAL_UART_Transmit_DMA                    0x080076d1   Thumb Code   172  stm32h7xx_hal_uart.o(i.HAL_UART_Transmit_DMA)
    HAL_UART_TxCpltCallback                  0x08007789   Thumb Code   234  bsp_uart.o(i.HAL_UART_TxCpltCallback)
    HAL_UART_TxHalfCpltCallback              0x08007899   Thumb Code     2  stm32h7xx_hal_uart.o(i.HAL_UART_TxHalfCpltCallback)
    HardFault_Handler                        0x0800789b   Thumb Code     4  stm32h7xx_it.o(i.HardFault_Handler)
    MX_UART8_UART_Init                       0x08007c4d   Thumb Code   188  bsp_uart.o(i.MX_UART8_UART_Init)
    MX_UART8_UART_UnInit                     0x08007d39   Thumb Code    38  bsp_uart.o(i.MX_UART8_UART_UnInit)
    MX_USART1_UART_Init                      0x08007d65   Thumb Code   176  bsp_uart.o(i.MX_USART1_UART_Init)
    MX_USART1_UART_UnInit                    0x08007e3d   Thumb Code    36  bsp_uart.o(i.MX_USART1_UART_UnInit)
    MX_USART3_UART_Init                      0x08007e65   Thumb Code   188  bsp_uart.o(i.MX_USART3_UART_Init)
    MX_USART3_UART_UnInit                    0x08007f4d   Thumb Code    36  bsp_uart.o(i.MX_USART3_UART_UnInit)
    MemManage_Handler                        0x08007f75   Thumb Code     4  stm32h7xx_it.o(i.MemManage_Handler)
    NMI_Handler                              0x08007f79   Thumb Code     2  stm32h7xx_it.o(i.NMI_Handler)
    Normal_Led_Control                       0x08007f7d   Thumb Code   220  bat_manager_task.o(i.Normal_Led_Control)
    PendSV_Handler                           0x08008071   Thumb Code     2  stm32h7xx_it.o(i.PendSV_Handler)
    PowerCtrlInit                            0x08008073   Thumb Code     2  power_task.o(i.PowerCtrlInit)
    PowerKey_Process                         0x08008075   Thumb Code   394  power_task.o(i.PowerKey_Process)
    PowerTask                                0x08008221   Thumb Code    58  power_task.o(i.PowerTask)
    PowerTaskInit                            0x08008265   Thumb Code    10  power_task.o(i.PowerTaskInit)
    PowerTaskUninit                          0x0800826f   Thumb Code     4  power_task.o(i.PowerTaskUninit)
    Power_Control                            0x08008273   Thumb Code     8  power_task.o(i.Power_Control)
    RF_Init                                  0x08008545   Thumb Code    14  power_task.o(i.RF_Init)
    SVC_Handler                              0x08008559   Thumb Code     2  stm32h7xx_it.o(i.SVC_Handler)
    SysTick_Handler                          0x0800855d   Thumb Code    22  stm32h7xx_it.o(i.SysTick_Handler)
    SystemClock_Config                       0x08008579   Thumb Code   198  main.o(i.SystemClock_Config)
    SystemInit                               0x08008649   Thumb Code   146  system_stm32h7xx.o(i.SystemInit)
    TaskInit                                 0x080086f1   Thumb Code    18  systemtask.o(i.TaskInit)
    TaskRun                                  0x0800870d   Thumb Code   142  systemtask.o(i.TaskRun)
    UART8_IRQHandler                         0x080087a9   Thumb Code    16  stm32h7xx_it.o(i.UART8_IRQHandler)
    UART_AdvFeatureConfig                    0x080087bd   Thumb Code   248  stm32h7xx_hal_uart.o(i.UART_AdvFeatureConfig)
    UART_CheckIdleState                      0x080088b5   Thumb Code   116  stm32h7xx_hal_uart.o(i.UART_CheckIdleState)
    UART_SetConfig                           0x08008aa5   Thumb Code  5860  stm32h7xx_hal_uart.o(i.UART_SetConfig)
    UART_WaitOnFlagUntilTimeout              0x0800a195   Thumb Code   190  stm32h7xx_hal_uart.o(i.UART_WaitOnFlagUntilTimeout)
    USART1_IRQHandler                        0x0800a255   Thumb Code    16  stm32h7xx_it.o(i.USART1_IRQHandler)
    USART3_IRQHandler                        0x0800a269   Thumb Code    16  stm32h7xx_it.o(i.USART3_IRQHandler)
    UartCommonTask                           0x0800a27d   Thumb Code     8  uart_task.o(i.UartCommonTask)
    UartCommonTaskInit                       0x0800a285   Thumb Code     4  uart_task.o(i.UartCommonTaskInit)
    UartCommonTaskUninit                     0x0800a289   Thumb Code     4  uart_task.o(i.UartCommonTaskUninit)
    UartReceive_IDLE                         0x0800a28d   Thumb Code   338  bsp_uart.o(i.UartReceive_IDLE)
    UpdateTask                               0x0800a409   Thumb Code     8  update_task.o(i.UpdateTask)
    UpdateTaskInit                           0x0800a411   Thumb Code     4  update_task.o(i.UpdateTaskInit)
    UpdateTaskUninit                         0x0800a415   Thumb Code     4  update_task.o(i.UpdateTaskUninit)
    UsageFault_Handler                       0x0800a419   Thumb Code     4  stm32h7xx_it.o(i.UsageFault_Handler)
    WifiUpgrade                              0x0800a41d   Thumb Code  1390  update_task.o(i.WifiUpgrade)
    _Error_Handler                           0x0800a9b9   Thumb Code     4  main.o(i._Error_Handler)
    __scatterload_copy                       0x0800a9f5   Thumb Code    14  handlers.o(i.__scatterload_copy)
    __scatterload_null                       0x0800aa03   Thumb Code     2  handlers.o(i.__scatterload_null)
    __scatterload_zeroinit                   0x0800aa05   Thumb Code    14  handlers.o(i.__scatterload_zeroinit)
    batt_msg_parse                           0x0800af15   Thumb Code   134  bsp_batt.o(i.batt_msg_parse)
    boot_info_init                           0x0800afe5   Thumb Code    14  update_task.o(i.boot_info_init)
    bsp_adc_seq_cfg                          0x0800affd   Thumb Code    44  bsp_adc.o(i.bsp_adc_seq_cfg)
    comm_running                             0x0800b029   Thumb Code    28  uart_task.o(i.comm_running)
    delay_ms                                 0x0800b085   Thumb Code    40  main.o(i.delay_ms)
    disable_all_irq                          0x0800b0b1   Thumb Code    42  bsp_iap.o(i.disable_all_irq)
    do_jump                                  0x0800b0dd   Thumb Code    60  bsp_iap.o(i.do_jump)
    flash_init                               0x0800b121   Thumb Code    52  bsp_flash.o(i.flash_init)
    flash_uninit                             0x0800b15d   Thumb Code    10  bsp_flash.o(i.flash_uninit)
    gGetCurPowerState                        0x0800b169   Thumb Code     6  power_task.o(i.gGetCurPowerState)
    gTogglePowerSate                         0x0800b175   Thumb Code    30  power_task.o(i.gTogglePowerSate)
    get_bat_percent                          0x0800b199   Thumb Code    58  bsp_batt.o(i.get_bat_percent)
    main                                     0x0800b1d9   Thumb Code   226  main.o(i.main)
    packet_receive                           0x0800b2dd   Thumb Code    76  uart_task.o(i.packet_receive)
    queue_create                             0x0800b32d   Thumb Code    50  cqueue.o(i.queue_create)
    queue_empty                              0x0800b35f   Thumb Code    20  cqueue.o(i.queue_empty)
    queue_pop                                0x0800b373   Thumb Code    56  cqueue.o(i.queue_pop)
    queue_pop_buf                            0x0800b3ab   Thumb Code    84  cqueue.o(i.queue_pop_buf)
    queue_push_buf                           0x0800b3ff   Thumb Code    94  cqueue.o(i.queue_push_buf)
    queue_size                               0x0800b45d   Thumb Code    16  cqueue.o(i.queue_size)
    rs485_comm_task                          0x0800b46d   Thumb Code   554  bsp_batt.o(i.rs485_comm_task)
    rs485_request_data                       0x0800b6b1   Thumb Code   104  bsp_batt.o(i.rs485_request_data)
    serial_getchar                           0x0800b725   Thumb Code    82  bsp_uart.o(i.serial_getchar)
    serial_send                              0x0800b779   Thumb Code   354  bsp_uart.o(i.serial_send)
    update_comm_running                      0x0800b8f9   Thumb Code    56  update_task.o(i.update_comm_running)
    alinkmsg_crcs                            0x0800bd3c   Data         256  bsp_uart.o(.constdata)
    D1CorePrescTable                         0x0800c33c   Data          16  system_stm32h7xx.o(.constdata)
    Region$$Table$$Base                      0x0800c354   Number         0  anon$$obj.o(Region$$Table)
    Region$$Table$$Limit                     0x0800c374   Number         0  anon$$obj.o(Region$$Table)
    gGotoLoaderFlag                          0x24000000   Data           4  main.o(.ARM.__AT_0x24000000)
    gLoderResetFlag                          0x24000004   Data           4  main.o(.ARM.__AT_0x24000004)
    nSysTick                                 0x24000010   Data           4  stm32h7xx_it.o(.data)
    nPowerTaskID                             0x24000014   Data           1  power_task.o(.data)
    gKey_Pressed_Flag                        0x24000015   Data           1  power_task.o(.data)
    gKey_Long_Pressed_Flag                   0x24000016   Data           1  power_task.o(.data)
    gKey_Type                                0x24000017   Data           1  power_task.o(.data)
    gKey_Pressed_Time                        0x24000018   Data           4  power_task.o(.data)
    gLong_Press_Lose_Time                    0x2400001c   Data           4  power_task.o(.data)
    nChargeTaskID                            0x24000030   Data           1  bat_manager_task.o(.data)
    BatFullFlag                              0x24000031   Data           1  bat_manager_task.o(.data)
    gChargeState                             0x24000032   Data           2  bat_manager_task.o(.data)
    nUpdateTaskID                            0x24000044   Data           1  update_task.o(.data)
    gIsUpdate                                0x24000045   Data           1  update_task.o(.data)
    msg_channel                              0x24000047   Data           1  update_task.o(.data)
    nUartCommonTaskID                        0x24000052   Data           1  uart_task.o(.data)
    JumpToApplication                        0x2400005c   Data           4  bsp_iap.o(.data)
    AdcChan                                  0x24000060   Data           1  bsp_adc.o(.data)
    adc_mv                                   0x24000062   Data           6  bsp_adc.o(.data)
    typec_vbus_voltage                       0x24000068   Data           2  bsp_adc.o(.data)
    gBattery_Percent                         0x2400006c   Data           1  bsp_batt.o(.data)
    bat_info_updated                         0x2400006d   Data           1  bsp_batt.o(.data)
    batt_msg_tim                             0x24000070   Data           4  bsp_batt.o(.data)
    nValidTaskCount                          0x24000094   Data           1  systemtask.o(.data)
    SystemCoreClock                          0x2400009c   Data           4  system_stm32h7xx.o(.data)
    SystemD2Clock                            0x240000a0   Data           4  system_stm32h7xx.o(.data)
    uwTick                                   0x240000a4   Data           4  stm32h7xx_hal.o(.data)
    uwTickPrio                               0x240000a8   Data           4  stm32h7xx_hal.o(.data)
    uwTickFreq                               0x240000ac   Data           1  stm32h7xx_hal.o(.data)
    g_crc32_buf                              0x240000b0   Data        1024  update_task.o(.bss)
    g_boot                                   0x240004b0   Data         492  update_task.o(.bss)
    g_boot_cfg                               0x240007c8   Data         208  update_task.o(.bss)
    alink_txmsg                              0x240018d4   Data        1044  uart_task.o(.bss)
    com_obj                                  0x24003758   Data         564  bsp_uart.o(.bss)
    hdma_usart1_rx                           0x2400398c   Data         120  bsp_uart.o(.bss)
    hdma_usart1_tx                           0x24003a04   Data         120  bsp_uart.o(.bss)
    hdma_usart3_rx                           0x24003a7c   Data         120  bsp_uart.o(.bss)
    hdma_usart3_tx                           0x24003af4   Data         120  bsp_uart.o(.bss)
    hdma_uart8_rx                            0x24003b6c   Data         120  bsp_uart.o(.bss)
    hdma_uart8_tx                            0x24003be4   Data         120  bsp_uart.o(.bss)
    uart1_rx_buf                             0x24003c5c   Data         256  bsp_uart.o(.bss)
    uart3_rx_buf                             0x24003d5c   Data         512  bsp_uart.o(.bss)
    uart8_rx_buf                             0x24003f5c   Data        2048  bsp_uart.o(.bss)
    Uart1_pData                              0x2400475c   Data         256  bsp_uart.o(.bss)
    Uart3_pData                              0x2400485c   Data         512  bsp_uart.o(.bss)
    Uart8_pData                              0x24004a5c   Data        2048  bsp_uart.o(.bss)
    uart1_tx_buf                             0x2400525c   Data         256  bsp_uart.o(.bss)
    uart3_tx_buf                             0x2400535c   Data        2048  bsp_uart.o(.bss)
    uart8_tx_buf                             0x24005b5c   Data        2048  bsp_uart.o(.bss)
    Uart1_TxDmaBuf                           0x2400635c   Data          64  bsp_uart.o(.bss)
    Uart3_TxDmaBuf                           0x2400639c   Data          64  bsp_uart.o(.bss)
    Uart8_TxDmaBuf                           0x240063dc   Data        1024  bsp_uart.o(.bss)
    hadc1                                    0x24007028   Data         100  bsp_adc.o(.bss)
    hadc2                                    0x2400708c   Data         100  bsp_adc.o(.bss)
    adcval_last                              0x240070f0   Data          12  bsp_adc.o(.bss)
    adc_val                                  0x240070fc   Data          12  bsp_adc.o(.bss)
    ntc_args                                 0x24007108   Data          40  bsp_adc.o(.bss)
    batt_info                                0x24007130   Data         160  bsp_batt.o(.bss)
    pFlash                                   0x24007c08   Data          28  stm32h7xx_hal_flash.o(.bss)
    __initial_sp                             0x2400bc28   Data           0  startup_stm32h743xx.o(STACK)



==============================================================================

Memory Map of the image

  Image Entry point : 0x08000299

  Load Region LR_IROM1 (Base: 0x08000000, Size: 0x0000c414, Max: 0x00020000, ABSOLUTE)

    Execution Region ER_IROM1 (Exec base: 0x08000000, Load base: 0x08000000, Size: 0x0000c374, Max: 0x00020000, ABSOLUTE)

    Exec Addr    Load Addr    Size         Type   Attr      Idx    E Section Name        Object

    0x08000000   0x08000000   0x00000298   Data   RO            3    RESET               startup_stm32h743xx.o
    0x08000298   0x08000298   0x00000000   Code   RO         6289  * .ARM.Collect$$$$00000000  mc_w.l(entry.o)
    0x08000298   0x08000298   0x00000004   Code   RO         6317    .ARM.Collect$$$$00000001  mc_w.l(entry2.o)
    0x0800029c   0x0800029c   0x00000004   Code   RO         6320    .ARM.Collect$$$$00000004  mc_w.l(entry5.o)
    0x080002a0   0x080002a0   0x00000000   Code   RO         6322    .ARM.Collect$$$$00000008  mc_w.l(entry7b.o)
    0x080002a0   0x080002a0   0x00000000   Code   RO         6324    .ARM.Collect$$$$0000000A  mc_w.l(entry8b.o)
    0x080002a0   0x080002a0   0x00000008   Code   RO         6325    .ARM.Collect$$$$0000000B  mc_w.l(entry9a.o)
    0x080002a8   0x080002a8   0x00000000   Code   RO         6327    .ARM.Collect$$$$0000000D  mc_w.l(entry10a.o)
    0x080002a8   0x080002a8   0x00000000   Code   RO         6329    .ARM.Collect$$$$0000000F  mc_w.l(entry11a.o)
    0x080002a8   0x080002a8   0x00000004   Code   RO         6318    .ARM.Collect$$$$00002712  mc_w.l(entry2.o)
    0x080002ac   0x080002ac   0x00000024   Code   RO            4    .text               startup_stm32h743xx.o
    0x080002d0   0x080002d0   0x00000062   Code   RO         6292    .text               mc_w.l(uldiv.o)
    0x08000332   0x08000332   0x00000024   Code   RO         6294    .text               mc_w.l(memcpya.o)
    0x08000356   0x08000356   0x00000024   Code   RO         6296    .text               mc_w.l(memseta.o)
    0x0800037a   0x0800037a   0x0000001e   Code   RO         6331    .text               mc_w.l(llshl.o)
    0x08000398   0x08000398   0x00000020   Code   RO         6333    .text               mc_w.l(llushr.o)
    0x080003b8   0x080003b8   0x00000024   Code   RO         6343    .text               mc_w.l(init.o)
    0x080003dc   0x080003dc   0x00000114   Code   RO         2659    i.ADC_ConversionStop  stm32h7xx_hal_adc.o
    0x080004f0   0x080004f0   0x00000088   Code   RO         2663    i.ADC_Disable       stm32h7xx_hal_adc.o
    0x08000578   0x08000578   0x000000c0   Code   RO         2664    i.ADC_Enable        stm32h7xx_hal_adc.o
    0x08000638   0x08000638   0x00000018   Code   RO         1796    i.ADC_IRQHandler    bsp_adc.o
    0x08000650   0x08000650   0x00000024   Code   RO         1251    i.AddChargeTask     bat_manager_task.o
    0x08000674   0x08000674   0x00000024   Code   RO         1151    i.AddPowerTask      power_task.o
    0x08000698   0x08000698   0x000000a4   Code   RO         2226    i.AddTask           systemtask.o
    0x0800073c   0x0800073c   0x00000024   Code   RO         1399    i.AddUartCommonTask  uart_task.o
    0x08000760   0x08000760   0x00000024   Code   RO         1307    i.AddUpdateTask     update_task.o
    0x08000784   0x08000784   0x00000094   Code   RO         1512    i.AlinkPacket_Reply  bsp_uart.o
    0x08000818   0x08000818   0x00000004   Code   RO         1011    i.BusFault_Handler  stm32h7xx_it.o
    0x0800081c   0x0800081c   0x00000184   Code   RO         2041    i.BuzzControl       bsp_beep.o
    0x080009a0   0x080009a0   0x000000e4   Code   RO         2042    i.BuzzOn_time       bsp_beep.o
    0x08000a84   0x08000a84   0x00000044   Code   RO         1252    i.ChargeTask        bat_manager_task.o
    0x08000ac8   0x08000ac8   0x00000004   Code   RO         1253    i.ChargeTaskInit    bat_manager_task.o
    0x08000acc   0x08000acc   0x00000004   Code   RO         1254    i.ChargeTaskUninit  bat_manager_task.o
    0x08000ad0   0x08000ad0   0x000000c0   Code   RO         1308    i.CheckAppCode      update_task.o
    0x08000b90   0x08000b90   0x0000003c   Code   RO         2043    i.Clear_Buzzer      bsp_beep.o
    0x08000bcc   0x08000bcc   0x00000010   Code   RO         1012    i.DMA1_Stream0_IRQHandler  stm32h7xx_it.o
    0x08000bdc   0x08000bdc   0x00000010   Code   RO         1013    i.DMA1_Stream1_IRQHandler  stm32h7xx_it.o
    0x08000bec   0x08000bec   0x00000010   Code   RO         1014    i.DMA1_Stream4_IRQHandler  stm32h7xx_it.o
    0x08000bfc   0x08000bfc   0x00000010   Code   RO         1015    i.DMA1_Stream5_IRQHandler  stm32h7xx_it.o
    0x08000c0c   0x08000c0c   0x00000010   Code   RO         1016    i.DMA2_Stream6_IRQHandler  stm32h7xx_it.o
    0x08000c1c   0x08000c1c   0x00000010   Code   RO         1017    i.DMA2_Stream7_IRQHandler  stm32h7xx_it.o
    0x08000c2c   0x08000c2c   0x000000ec   Code   RO         3366    i.DMA_CalcBaseAndBitshift  stm32h7xx_hal_dma.o
    0x08000d18   0x08000d18   0x000000c4   Code   RO         3367    i.DMA_CalcDMAMUXChannelBaseAndMask  stm32h7xx_hal_dma.o
    0x08000ddc   0x08000ddc   0x00000098   Code   RO         3368    i.DMA_CalcDMAMUXRequestGenBaseAndMask  stm32h7xx_hal_dma.o
    0x08000e74   0x08000e74   0x000000ae   Code   RO         3369    i.DMA_CheckFifoParam  stm32h7xx_hal_dma.o
    0x08000f22   0x08000f22   0x00000002   PAD
    0x08000f24   0x08000f24   0x00000274   Code   RO         3370    i.DMA_SetConfig     stm32h7xx_hal_dma.o
    0x08001198   0x08001198   0x00000002   Code   RO         1018    i.DebugMon_Handler  stm32h7xx_it.o
    0x0800119a   0x0800119a   0x00000034   Code   RO         1309    i.DevDSP_AlinkMsgParse  update_task.o
    0x080011ce   0x080011ce   0x00000002   PAD
    0x080011d0   0x080011d0   0x00000060   Code   RO         3753    i.FLASH_Erase_Sector  stm32h7xx_hal_flash_ex.o
    0x08001230   0x08001230   0x0000003c   Code   RO         1654    i.FLASH_IRQHandler  bsp_flash.o
    0x0800126c   0x0800126c   0x000000a0   Code   RO         3754    i.FLASH_MassErase   stm32h7xx_hal_flash_ex.o
    0x0800130c   0x0800130c   0x000000fc   Code   RO         3645    i.FLASH_WaitForLastOperation  stm32h7xx_hal_flash.o
    0x08001408   0x08001408   0x00000028   Code   RO         1655    i.FlashErase_AppSectors  bsp_flash.o
    0x08001430   0x08001430   0x0000001c   Code   RO         1656    i.FlashErase_BootCfgSectors  bsp_flash.o
    0x0800144c   0x0800144c   0x000000a4   Code   RO         1658    i.FlashErase_NSectors  bsp_flash.o
    0x080014f0   0x080014f0   0x00000094   Code   RO         1659    i.FlashRead         bsp_flash.o
    0x08001584   0x08001584   0x000000b4   Code   RO         1660    i.FlashWrite_AppWords  bsp_flash.o
    0x08001638   0x08001638   0x000000b0   Code   RO         1661    i.FlashWrite_BootCfg  bsp_flash.o
    0x080016e8   0x080016e8   0x00000050   Code   RO         1663    i.FlashWrite_ChkAppRemainWords  bsp_flash.o
    0x08001738   0x08001738   0x0000001c   Code   RO         1664    i.FlashWrite_SetAppStartAddr  bsp_flash.o
    0x08001754   0x08001754   0x00000124   Code   RO         1665    i.GetSector         bsp_flash.o
    0x08001878   0x08001878   0x000000f8   Code   RO         1152    i.Get_Key           power_task.o
    0x08001970   0x08001970   0x00000002   Code   RO         2924    i.HAL_ADCEx_EndOfSamplingCallback  stm32h7xx_hal_adc_ex.o
    0x08001972   0x08001972   0x00000002   Code   RO         2927    i.HAL_ADCEx_InjectedConvCpltCallback  stm32h7xx_hal_adc_ex.o
    0x08001974   0x08001974   0x00000002   Code   RO         2930    i.HAL_ADCEx_InjectedQueueOverflowCallback  stm32h7xx_hal_adc_ex.o
    0x08001976   0x08001976   0x00000002   Code   RO         2935    i.HAL_ADCEx_LevelOutOfWindow2Callback  stm32h7xx_hal_adc_ex.o
    0x08001978   0x08001978   0x00000002   Code   RO         2936    i.HAL_ADCEx_LevelOutOfWindow3Callback  stm32h7xx_hal_adc_ex.o
    0x0800197a   0x0800197a   0x00000002   PAD
    0x0800197c   0x0800197c   0x0000053c   Code   RO         2666    i.HAL_ADC_ConfigChannel  stm32h7xx_hal_adc.o
    0x08001eb8   0x08001eb8   0x00000094   Code   RO         1797    i.HAL_ADC_ConvCpltCallback  bsp_adc.o
    0x08001f4c   0x08001f4c   0x00000002   Code   RO         2670    i.HAL_ADC_ErrorCallback  stm32h7xx_hal_adc.o
    0x08001f4e   0x08001f4e   0x00000002   PAD
    0x08001f50   0x08001f50   0x00000358   Code   RO         2674    i.HAL_ADC_IRQHandler  stm32h7xx_hal_adc.o
    0x080022a8   0x080022a8   0x00000002   Code   RO         2676    i.HAL_ADC_LevelOutOfWindowCallback  stm32h7xx_hal_adc.o
    0x080022aa   0x080022aa   0x00000002   PAD
    0x080022ac   0x080022ac   0x000001ec   Code   RO         2683    i.HAL_ADC_Start_IT  stm32h7xx_hal_adc.o
    0x08002498   0x08002498   0x00000056   Code   RO         2686    i.HAL_ADC_Stop_IT   stm32h7xx_hal_adc.o
    0x080024ee   0x080024ee   0x00000002   PAD
    0x080024f0   0x080024f0   0x000004dc   Code   RO         3371    i.HAL_DMA_Abort     stm32h7xx_hal_dma.o
    0x080029cc   0x080029cc   0x00000398   Code   RO         3372    i.HAL_DMA_Abort_IT  stm32h7xx_hal_dma.o
    0x08002d64   0x08002d64   0x00000378   Code   RO         3373    i.HAL_DMA_DeInit    stm32h7xx_hal_dma.o
    0x080030dc   0x080030dc   0x00000006   Code   RO         3374    i.HAL_DMA_GetError  stm32h7xx_hal_dma.o
    0x080030e2   0x080030e2   0x00000002   PAD
    0x080030e4   0x080030e4   0x00000af8   Code   RO         3376    i.HAL_DMA_IRQHandler  stm32h7xx_hal_dma.o
    0x08003bdc   0x08003bdc   0x00000520   Code   RO         3377    i.HAL_DMA_Init      stm32h7xx_hal_dma.o
    0x080040fc   0x080040fc   0x000003c4   Code   RO         3381    i.HAL_DMA_Start_IT  stm32h7xx_hal_dma.o
    0x080044c0   0x080044c0   0x0000013c   Code   RO         3771    i.HAL_FLASHEx_Erase  stm32h7xx_hal_flash_ex.o
    0x080045fc   0x080045fc   0x00000002   Code   RO         3646    i.HAL_FLASH_EndOfOperationCallback  stm32h7xx_hal_flash.o
    0x080045fe   0x080045fe   0x00000002   PAD
    0x08004600   0x08004600   0x00000218   Code   RO         3648    i.HAL_FLASH_IRQHandler  stm32h7xx_hal_flash.o
    0x08004818   0x08004818   0x00000044   Code   RO         3649    i.HAL_FLASH_Lock    stm32h7xx_hal_flash.o
    0x0800485c   0x0800485c   0x00000002   Code   RO         3653    i.HAL_FLASH_OperationErrorCallback  stm32h7xx_hal_flash.o
    0x0800485e   0x0800485e   0x00000002   PAD
    0x08004860   0x08004860   0x0000012c   Code   RO         3654    i.HAL_FLASH_Program  stm32h7xx_hal_flash.o
    0x0800498c   0x0800498c   0x00000060   Code   RO         3656    i.HAL_FLASH_Unlock  stm32h7xx_hal_flash.o
    0x080049ec   0x080049ec   0x00000178   Code   RO         3919    i.HAL_GPIO_DeInit   stm32h7xx_hal_gpio.o
    0x08004b64   0x08004b64   0x00000208   Code   RO         3922    i.HAL_GPIO_Init     stm32h7xx_hal_gpio.o
    0x08004d6c   0x08004d6c   0x00000010   Code   RO         3924    i.HAL_GPIO_ReadPin  stm32h7xx_hal_gpio.o
    0x08004d7c   0x08004d7c   0x0000000c   Code   RO         3926    i.HAL_GPIO_WritePin  stm32h7xx_hal_gpio.o
    0x08004d88   0x08004d88   0x0000000c   Code   RO         2344    i.HAL_GetREVID      stm32h7xx_hal.o
    0x08004d94   0x08004d94   0x0000000c   Code   RO         2345    i.HAL_GetTick       stm32h7xx_hal.o
    0x08004da0   0x08004da0   0x00000018   Code   RO         2351    i.HAL_IncTick       stm32h7xx_hal.o
    0x08004db8   0x08004db8   0x00000060   Code   RO         2352    i.HAL_Init          stm32h7xx_hal.o
    0x08004e18   0x08004e18   0x00000058   Code   RO         2353    i.HAL_InitTick      stm32h7xx_hal.o
    0x08004e70   0x08004e70   0x00000002   Code   RO          952    i.HAL_MspInit       stm32h7xx_hal_msp.o
    0x08004e72   0x08004e72   0x00000002   PAD
    0x08004e74   0x08004e74   0x00000044   Code   RO         3189    i.HAL_NVIC_DisableIRQ  stm32h7xx_hal_cortex.o
    0x08004eb8   0x08004eb8   0x00000020   Code   RO         3190    i.HAL_NVIC_EnableIRQ  stm32h7xx_hal_cortex.o
    0x08004ed8   0x08004ed8   0x0000007a   Code   RO         3196    i.HAL_NVIC_SetPriority  stm32h7xx_hal_cortex.o
    0x08004f52   0x08004f52   0x00000002   PAD
    0x08004f54   0x08004f54   0x00000028   Code   RO         3197    i.HAL_NVIC_SetPriorityGrouping  stm32h7xx_hal_cortex.o
    0x08004f7c   0x08004f7c   0x00000060   Code   RO         4710    i.HAL_PWREx_ConfigSupply  stm32h7xx_hal_pwr_ex.o
    0x08004fdc   0x08004fdc   0x00000024   Code   RO         5079    i.HAL_RCCEx_GetD3PCLK1Freq  stm32h7xx_hal_rcc_ex.o
    0x08005000   0x08005000   0x00000230   Code   RO         5081    i.HAL_RCCEx_GetPLL2ClockFreq  stm32h7xx_hal_rcc_ex.o
    0x08005230   0x08005230   0x00000230   Code   RO         5082    i.HAL_RCCEx_GetPLL3ClockFreq  stm32h7xx_hal_rcc_ex.o
    0x08005460   0x08005460   0x00000b20   Code   RO         5088    i.HAL_RCCEx_PeriphCLKConfig  stm32h7xx_hal_rcc_ex.o
    0x08005f80   0x08005f80   0x00000320   Code   RO         4964    i.HAL_RCC_ClockConfig  stm32h7xx_hal_rcc.o
    0x080062a0   0x080062a0   0x0000004c   Code   RO         4969    i.HAL_RCC_GetHCLKFreq  stm32h7xx_hal_rcc.o
    0x080062ec   0x080062ec   0x00000024   Code   RO         4971    i.HAL_RCC_GetPCLK1Freq  stm32h7xx_hal_rcc.o
    0x08006310   0x08006310   0x00000024   Code   RO         4972    i.HAL_RCC_GetPCLK2Freq  stm32h7xx_hal_rcc.o
    0x08006334   0x08006334   0x0000022c   Code   RO         4973    i.HAL_RCC_GetSysClockFreq  stm32h7xx_hal_rcc.o
    0x08006560   0x08006560   0x00000780   Code   RO         4976    i.HAL_RCC_OscConfig  stm32h7xx_hal_rcc.o
    0x08006ce0   0x08006ce0   0x00000034   Code   RO         3201    i.HAL_SYSTICK_Config  stm32h7xx_hal_cortex.o
    0x08006d14   0x08006d14   0x00000002   Code   RO         5780    i.HAL_UARTEx_RxFifoFullCallback  stm32h7xx_hal_uart_ex.o
    0x08006d16   0x08006d16   0x00000002   Code   RO         5784    i.HAL_UARTEx_TxFifoEmptyCallback  stm32h7xx_hal_uart_ex.o
    0x08006d18   0x08006d18   0x00000002   Code   RO         5785    i.HAL_UARTEx_WakeupCallback  stm32h7xx_hal_uart_ex.o
    0x08006d1a   0x08006d1a   0x00000002   PAD
    0x08006d1c   0x08006d1c   0x00000070   Code   RO         1513    i.HAL_UART_DMAStopRx  bsp_uart.o
    0x08006d8c   0x08006d8c   0x00000066   Code   RO         1514    i.HAL_UART_DMAStopTx  bsp_uart.o
    0x08006df2   0x08006df2   0x00000048   Code   RO         5396    i.HAL_UART_DeInit   stm32h7xx_hal_uart.o
    0x08006e3a   0x08006e3a   0x00000002   Code   RO         1515    i.HAL_UART_ErrorCallback  bsp_uart.o
    0x08006e3c   0x08006e3c   0x0000020c   Code   RO         5402    i.HAL_UART_IRQHandler  stm32h7xx_hal_uart.o
    0x08007048   0x08007048   0x00000078   Code   RO         5403    i.HAL_UART_Init     stm32h7xx_hal_uart.o
    0x080070c0   0x080070c0   0x00000138   Code   RO          955    i.HAL_UART_MspDeInit  stm32h7xx_hal_msp.o
    0x080071f8   0x080071f8   0x0000040c   Code   RO          956    i.HAL_UART_MspInit  stm32h7xx_hal_msp.o
    0x08007604   0x08007604   0x000000c8   Code   RO         5407    i.HAL_UART_Receive_DMA  stm32h7xx_hal_uart.o
    0x080076cc   0x080076cc   0x00000002   Code   RO         1516    i.HAL_UART_RxCpltCallback  bsp_uart.o
    0x080076ce   0x080076ce   0x00000002   Code   RO         5411    i.HAL_UART_RxHalfCpltCallback  stm32h7xx_hal_uart.o
    0x080076d0   0x080076d0   0x000000b8   Code   RO         5413    i.HAL_UART_Transmit_DMA  stm32h7xx_hal_uart.o
    0x08007788   0x08007788   0x00000110   Code   RO         1517    i.HAL_UART_TxCpltCallback  bsp_uart.o
    0x08007898   0x08007898   0x00000002   Code   RO         5416    i.HAL_UART_TxHalfCpltCallback  stm32h7xx_hal_uart.o
    0x0800789a   0x0800789a   0x00000004   Code   RO         1020    i.HardFault_Handler  stm32h7xx_it.o
    0x0800789e   0x0800789e   0x00000002   PAD
    0x080078a0   0x080078a0   0x00000010   Code   RO         2687    i.LL_ADC_Enable     stm32h7xx_hal_adc.o
    0x080078b0   0x080078b0   0x0000000a   Code   RO         2688    i.LL_ADC_GetMultiDMATransfer  stm32h7xx_hal_adc.o
    0x080078ba   0x080078ba   0x0000000a   Code   RO         2689    i.LL_ADC_GetMultimode  stm32h7xx_hal_adc.o
    0x080078c4   0x080078c4   0x0000000a   Code   RO         2690    i.LL_ADC_INJ_IsConversionOngoing  stm32h7xx_hal_adc.o
    0x080078ce   0x080078ce   0x0000000a   Code   RO         2691    i.LL_ADC_IsDisableOngoing  stm32h7xx_hal_adc.o
    0x080078d8   0x080078d8   0x0000000a   Code   RO         2692    i.LL_ADC_IsEnabled  stm32h7xx_hal_adc.o
    0x080078e2   0x080078e2   0x0000000a   Code   RO         2694    i.LL_ADC_REG_IsConversionOngoing  stm32h7xx_hal_adc.o
    0x080078ec   0x080078ec   0x00000012   Code   RO         2695    i.LL_ADC_REG_IsTriggerSourceSWStart  stm32h7xx_hal_adc.o
    0x080078fe   0x080078fe   0x00000002   PAD
    0x08007900   0x08007900   0x00000010   Code   RO         2696    i.LL_ADC_REG_StartConversion  stm32h7xx_hal_adc.o
    0x08007910   0x08007910   0x00000028   Code   RO         2698    i.LL_ADC_SetChannelSamplingTime  stm32h7xx_hal_adc.o
    0x08007938   0x08007938   0x0000000c   Code   RO         2699    i.LL_ADC_SetCommonPathInternalCh  stm32h7xx_hal_adc.o
    0x08007944   0x08007944   0x00000308   Code   RO           16    i.MX_GPIO_Init      main.o
    0x08007c4c   0x08007c4c   0x000000ec   Code   RO         1518    i.MX_UART8_UART_Init  bsp_uart.o
    0x08007d38   0x08007d38   0x0000002c   Code   RO         1519    i.MX_UART8_UART_UnInit  bsp_uart.o
    0x08007d64   0x08007d64   0x000000d8   Code   RO         1520    i.MX_USART1_UART_Init  bsp_uart.o
    0x08007e3c   0x08007e3c   0x00000028   Code   RO         1521    i.MX_USART1_UART_UnInit  bsp_uart.o
    0x08007e64   0x08007e64   0x000000e8   Code   RO         1522    i.MX_USART3_UART_Init  bsp_uart.o
    0x08007f4c   0x08007f4c   0x00000028   Code   RO         1523    i.MX_USART3_UART_UnInit  bsp_uart.o
    0x08007f74   0x08007f74   0x00000004   Code   RO         1021    i.MemManage_Handler  stm32h7xx_it.o
    0x08007f78   0x08007f78   0x00000002   Code   RO         1022    i.NMI_Handler       stm32h7xx_it.o
    0x08007f7a   0x08007f7a   0x00000002   PAD
    0x08007f7c   0x08007f7c   0x000000f4   Code   RO         1255    i.Normal_Led_Control  bat_manager_task.o
    0x08008070   0x08008070   0x00000002   Code   RO         1023    i.PendSV_Handler    stm32h7xx_it.o
    0x08008072   0x08008072   0x00000002   Code   RO         1153    i.PowerCtrlInit     power_task.o
    0x08008074   0x08008074   0x000001ac   Code   RO         1154    i.PowerKey_Process  power_task.o
    0x08008220   0x08008220   0x00000044   Code   RO         1155    i.PowerTask         power_task.o
    0x08008264   0x08008264   0x0000000a   Code   RO         1156    i.PowerTaskInit     power_task.o
    0x0800826e   0x0800826e   0x00000004   Code   RO         1157    i.PowerTaskUninit   power_task.o
    0x08008272   0x08008272   0x00000008   Code   RO         1158    i.Power_Control     power_task.o
    0x0800827a   0x0800827a   0x00000002   PAD
    0x0800827c   0x0800827c   0x00000164   Code   RO         5091    i.RCCEx_PLL2_Config  stm32h7xx_hal_rcc_ex.o
    0x080083e0   0x080083e0   0x00000164   Code   RO         5092    i.RCCEx_PLL3_Config  stm32h7xx_hal_rcc_ex.o
    0x08008544   0x08008544   0x00000014   Code   RO         1160    i.RF_Init           power_task.o
    0x08008558   0x08008558   0x00000002   Code   RO         1024    i.SVC_Handler       stm32h7xx_it.o
    0x0800855a   0x0800855a   0x00000002   PAD
    0x0800855c   0x0800855c   0x0000001c   Code   RO         1025    i.SysTick_Handler   stm32h7xx_it.o
    0x08008578   0x08008578   0x000000d0   Code   RO           20    i.SystemClock_Config  main.o
    0x08008648   0x08008648   0x000000a8   Code   RO         2286    i.SystemInit        system_stm32h7xx.o
    0x080086f0   0x080086f0   0x0000001c   Code   RO         2229    i.TaskInit          systemtask.o
    0x0800870c   0x0800870c   0x0000009c   Code   RO         2230    i.TaskRun           systemtask.o
    0x080087a8   0x080087a8   0x00000014   Code   RO         1026    i.UART8_IRQHandler  stm32h7xx_it.o
    0x080087bc   0x080087bc   0x000000f8   Code   RO         5417    i.UART_AdvFeatureConfig  stm32h7xx_hal_uart.o
    0x080088b4   0x080088b4   0x00000074   Code   RO         5418    i.UART_CheckIdleState  stm32h7xx_hal_uart.o
    0x08008928   0x08008928   0x00000018   Code   RO         5419    i.UART_DMAAbortOnError  stm32h7xx_hal_uart.o
    0x08008940   0x08008940   0x0000005e   Code   RO         5420    i.UART_DMAError     stm32h7xx_hal_uart.o
    0x0800899e   0x0800899e   0x00000046   Code   RO         5421    i.UART_DMAReceiveCplt  stm32h7xx_hal_uart.o
    0x080089e4   0x080089e4   0x0000000e   Code   RO         5423    i.UART_DMARxHalfCplt  stm32h7xx_hal_uart.o
    0x080089f2   0x080089f2   0x00000036   Code   RO         5425    i.UART_DMATransmitCplt  stm32h7xx_hal_uart.o
    0x08008a28   0x08008a28   0x0000000e   Code   RO         5427    i.UART_DMATxHalfCplt  stm32h7xx_hal_uart.o
    0x08008a36   0x08008a36   0x00000002   PAD
    0x08008a38   0x08008a38   0x00000028   Code   RO         5429    i.UART_EndRxTransfer  stm32h7xx_hal_uart.o
    0x08008a60   0x08008a60   0x00000022   Code   RO         5430    i.UART_EndTransmit_IT  stm32h7xx_hal_uart.o
    0x08008a82   0x08008a82   0x00000020   Code   RO         5431    i.UART_EndTxTransfer  stm32h7xx_hal_uart.o
    0x08008aa2   0x08008aa2   0x00000002   PAD
    0x08008aa4   0x08008aa4   0x000016f0   Code   RO         5436    i.UART_SetConfig    stm32h7xx_hal_uart.o
    0x0800a194   0x0800a194   0x000000be   Code   RO         5441    i.UART_WaitOnFlagUntilTimeout  stm32h7xx_hal_uart.o
    0x0800a252   0x0800a252   0x00000002   PAD
    0x0800a254   0x0800a254   0x00000014   Code   RO         1027    i.USART1_IRQHandler  stm32h7xx_it.o
    0x0800a268   0x0800a268   0x00000014   Code   RO         1028    i.USART3_IRQHandler  stm32h7xx_it.o
    0x0800a27c   0x0800a27c   0x00000008   Code   RO         1400    i.UartCommonTask    uart_task.o
    0x0800a284   0x0800a284   0x00000004   Code   RO         1401    i.UartCommonTaskInit  uart_task.o
    0x0800a288   0x0800a288   0x00000004   Code   RO         1402    i.UartCommonTaskUninit  uart_task.o
    0x0800a28c   0x0800a28c   0x0000017c   Code   RO         1524    i.UartReceive_IDLE  bsp_uart.o
    0x0800a408   0x0800a408   0x00000008   Code   RO         1311    i.UpdateTask        update_task.o
    0x0800a410   0x0800a410   0x00000004   Code   RO         1312    i.UpdateTaskInit    update_task.o
    0x0800a414   0x0800a414   0x00000004   Code   RO         1313    i.UpdateTaskUninit  update_task.o
    0x0800a418   0x0800a418   0x00000004   Code   RO         1029    i.UsageFault_Handler  stm32h7xx_it.o
    0x0800a41c   0x0800a41c   0x0000059c   Code   RO         1314    i.WifiUpgrade       update_task.o
    0x0800a9b8   0x0800a9b8   0x00000004   Code   RO           21    i._Error_Handler    main.o
    0x0800a9bc   0x0800a9bc   0x00000010   Code   RO         3203    i.__NVIC_GetPriorityGrouping  stm32h7xx_hal_cortex.o
    0x0800a9cc   0x0800a9cc   0x00000028   Code   RO         3204    i.__NVIC_SetPriority  stm32h7xx_hal_cortex.o
    0x0800a9f4   0x0800a9f4   0x0000000e   Code   RO         6347    i.__scatterload_copy  mc_w.l(handlers.o)
    0x0800aa02   0x0800aa02   0x00000002   Code   RO         6348    i.__scatterload_null  mc_w.l(handlers.o)
    0x0800aa04   0x0800aa04   0x0000000e   Code   RO         6349    i.__scatterload_zeroinit  mc_w.l(handlers.o)
    0x0800aa12   0x0800aa12   0x000000f4   Code   RO         1525    i.alink_finalize_message_chan  bsp_uart.o
    0x0800ab06   0x0800ab06   0x000000f4   Code   RO         1969    i.alink_finalize_message_chan  bsp_batt.o
    0x0800abfa   0x0800abfa   0x00000002   PAD
    0x0800abfc   0x0800abfc   0x00000214   Code   RO         1403    i.alink_frame_char_buffer  uart_task.o
    0x0800ae10   0x0800ae10   0x00000018   Code   RO         1404    i.alink_get_channel_buffer  uart_task.o
    0x0800ae28   0x0800ae28   0x00000018   Code   RO         1405    i.alink_get_channel_status  uart_task.o
    0x0800ae40   0x0800ae40   0x00000018   Code   RO         1526    i.alink_get_channel_status  bsp_uart.o
    0x0800ae58   0x0800ae58   0x00000018   Code   RO         1970    i.alink_get_channel_status  bsp_batt.o
    0x0800ae70   0x0800ae70   0x00000078   Code   RO         1406    i.alink_parse_char  uart_task.o
    0x0800aee8   0x0800aee8   0x0000000c   Code   RO         1407    i.alink_start_crc   uart_task.o
    0x0800aef4   0x0800aef4   0x00000020   Code   RO         1408    i.alink_update_crc  uart_task.o
    0x0800af14   0x0800af14   0x0000008c   Code   RO         1971    i.batt_msg_parse    bsp_batt.o
    0x0800afa0   0x0800afa0   0x00000044   Code   RO         1315    i.boot_crc_calc     update_task.o
    0x0800afe4   0x0800afe4   0x00000018   Code   RO         1316    i.boot_info_init    update_task.o
    0x0800affc   0x0800affc   0x0000002c   Code   RO         1800    i.bsp_adc_seq_cfg   bsp_adc.o
    0x0800b028   0x0800b028   0x00000024   Code   RO         1409    i.comm_running      uart_task.o
    0x0800b04c   0x0800b04c   0x0000001c   Code   RO         1527    i.crc_accumulate    bsp_uart.o
    0x0800b068   0x0800b068   0x0000001c   Code   RO         1972    i.crc_accumulate    bsp_batt.o
    0x0800b084   0x0800b084   0x0000002c   Code   RO           22    i.delay_ms          main.o
    0x0800b0b0   0x0800b0b0   0x0000002a   Code   RO         1759    i.disable_all_irq   bsp_iap.o
    0x0800b0da   0x0800b0da   0x00000002   PAD
    0x0800b0dc   0x0800b0dc   0x00000044   Code   RO         1760    i.do_jump           bsp_iap.o
    0x0800b120   0x0800b120   0x0000003c   Code   RO         1666    i.flash_init        bsp_flash.o
    0x0800b15c   0x0800b15c   0x0000000a   Code   RO         1667    i.flash_uninit      bsp_flash.o
    0x0800b166   0x0800b166   0x00000002   PAD
    0x0800b168   0x0800b168   0x0000000c   Code   RO         1161    i.gGetCurPowerState  power_task.o
    0x0800b174   0x0800b174   0x00000024   Code   RO         1162    i.gTogglePowerSate  power_task.o
    0x0800b198   0x0800b198   0x00000040   Code   RO         1973    i.get_bat_percent   bsp_batt.o
    0x0800b1d8   0x0800b1d8   0x00000104   Code   RO           25    i.main              main.o
    0x0800b2dc   0x0800b2dc   0x00000050   Code   RO         1410    i.packet_receive    uart_task.o
    0x0800b32c   0x0800b32c   0x00000032   Code   RO         2152    i.queue_create      cqueue.o
    0x0800b35e   0x0800b35e   0x00000014   Code   RO         2154    i.queue_empty       cqueue.o
    0x0800b372   0x0800b372   0x00000038   Code   RO         2157    i.queue_pop         cqueue.o
    0x0800b3aa   0x0800b3aa   0x00000054   Code   RO         2158    i.queue_pop_buf     cqueue.o
    0x0800b3fe   0x0800b3fe   0x0000005e   Code   RO         2160    i.queue_push_buf    cqueue.o
    0x0800b45c   0x0800b45c   0x00000010   Code   RO         2161    i.queue_size        cqueue.o
    0x0800b46c   0x0800b46c   0x00000244   Code   RO         1974    i.rs485_comm_task   bsp_batt.o
    0x0800b6b0   0x0800b6b0   0x00000074   Code   RO         1975    i.rs485_request_data  bsp_batt.o
    0x0800b724   0x0800b724   0x00000052   Code   RO         1528    i.serial_getchar    bsp_uart.o
    0x0800b776   0x0800b776   0x00000002   PAD
    0x0800b778   0x0800b778   0x00000180   Code   RO         1529    i.serial_send       bsp_uart.o
    0x0800b8f8   0x0800b8f8   0x00000044   Code   RO         1317    i.update_comm_running  update_task.o
    0x0800b93c   0x0800b93c   0x00000300   Data   RO         1414    .constdata          uart_task.o
    0x0800bc3c   0x0800bc3c   0x00000400   Data   RO         1531    .constdata          bsp_uart.o
    0x0800c03c   0x0800c03c   0x00000300   Data   RO         1977    .constdata          bsp_batt.o
    0x0800c33c   0x0800c33c   0x00000010   Data   RO         2287    .constdata          system_stm32h7xx.o
    0x0800c34c   0x0800c34c   0x00000008   Data   RO         3383    .constdata          stm32h7xx_hal_dma.o
    0x0800c354   0x0800c354   0x00000020   Data   RO         6345    Region$$Table       anon$$obj.o


    Execution Region RW_IRAM1 (Exec base: 0x24000010, Load base: 0x0800c374, Size: 0x0000bc18, Max: 0x0007fff0, ABSOLUTE)

    Exec Addr    Load Addr    Size         Type   Attr      Idx    E Section Name        Object

    0x24000010   0x0800c374   0x00000004   Data   RW         1031    .data               stm32h7xx_it.o
    0x24000014   0x0800c378   0x0000001c   Data   RW         1165    .data               power_task.o
    0x24000030   0x0800c394   0x00000014   Data   RW         1257    .data               bat_manager_task.o
    0x24000044   0x0800c3a8   0x0000000e   Data   RW         1320    .data               update_task.o
    0x24000052   0x0800c3b6   0x00000001   Data   RW         1415    .data               uart_task.o
    0x24000053   0x0800c3b7   0x00000001   Data   RW         1532    .data               bsp_uart.o
    0x24000054   0x0800c3b8   0x00000006   Data   RW         1669    .data               bsp_flash.o
    0x2400005a   0x0800c3be   0x00000002   PAD
    0x2400005c   0x0800c3c0   0x00000004   Data   RW         1762    .data               bsp_iap.o
    0x24000060   0x0800c3c4   0x0000000a   Data   RW         1806    .data               bsp_adc.o
    0x2400006a   0x0800c3ce   0x00000002   PAD
    0x2400006c   0x0800c3d0   0x00000012   Data   RW         1978    .data               bsp_batt.o
    0x2400007e   0x0800c3e2   0x00000002   PAD
    0x24000080   0x0800c3e4   0x00000014   Data   RW         2045    .data               bsp_beep.o
    0x24000094   0x0800c3f8   0x00000008   Data   RW         2234    .data               systemtask.o
    0x2400009c   0x0800c400   0x00000008   Data   RW         2288    .data               system_stm32h7xx.o
    0x240000a4   0x0800c408   0x00000009   Data   RW         2374    .data               stm32h7xx_hal.o
    0x240000ad   0x0800c411   0x00000003   PAD
    0x240000b0        -       0x00001010   Zero   RW         1318    .bss                update_task.o
    0x240010c0        -       0x00002696   Zero   RW         1413    .bss                uart_task.o
    0x24003756   0x0800c411   0x00000002   PAD
    0x24003758        -       0x0000389c   Zero   RW         1530    .bss                bsp_uart.o
    0x24006ff4        -       0x00000034   Zero   RW         1668    .bss                bsp_flash.o
    0x24007028        -       0x00000108   Zero   RW         1804    .bss                bsp_adc.o
    0x24007130        -       0x000008b8   Zero   RW         1976    .bss                bsp_batt.o
    0x240079e8        -       0x00000220   Zero   RW         2232    .bss                systemtask.o
    0x24007c08        -       0x0000001c   Zero   RW         3657    .bss                stm32h7xx_hal_flash.o
    0x24007c24   0x0800c411   0x00000004   PAD
    0x24007c28        -       0x00004000   Zero   RW            1    STACK               startup_stm32h743xx.o



  Load Region LR$$.ARM.__AT_0x24000000 (Base: 0x24000000, Size: 0x00000000, Max: 0x00000004, ABSOLUTE)

    Execution Region ER$$.ARM.__AT_0x24000000 (Exec base: 0x24000000, Load base: 0x24000000, Size: 0x00000004, Max: 0x00000004, ABSOLUTE, UNINIT)

    Exec Addr    Load Addr    Size         Type   Attr      Idx    E Section Name        Object

    0x24000000        -       0x00000004   Zero   RW           27    .ARM.__AT_0x24000000  main.o



  Load Region LR$$.ARM.__AT_0x24000004 (Base: 0x24000004, Size: 0x00000000, Max: 0x00000004, ABSOLUTE)

    Execution Region ER$$.ARM.__AT_0x24000004 (Exec base: 0x24000004, Load base: 0x24000004, Size: 0x00000004, Max: 0x00000004, ABSOLUTE, UNINIT)

    Exec Addr    Load Addr    Size         Type   Attr      Idx    E Section Name        Object

    0x24000004        -       0x00000004   Zero   RW           28    .ARM.__AT_0x24000004  main.o


==============================================================================

Image component sizes


      Code (inc. data)   RO Data    RW Data    ZI Data      Debug   Object Name

         0          0          0          0          0       2317   apitool.o
       356         50          0         20          0       3399   bat_manager_task.o
       216         32          0         10        264       3433   bsp_adc.o
      1196         62        768         18       2232      10187   bsp_batt.o
       676        100          0         20          0       2535   bsp_beep.o
      1266        200          0          6         52       9636   bsp_flash.o
       110          8          0          4          0       7372   bsp_iap.o
      2588        286       1024          1      14492      20142   bsp_uart.o
       320          0          0          0          0       5099   cqueue.o
      1292         86          0          0          8    1280839   main.o
       872        110          0         28          0       7557   power_task.o
        36          8        664          0      16384        908   startup_stm32h743xx.o
       232         48          0          9          0      22936   stm32h7xx_hal.o
      3544        148          0          0          0      77537   stm32h7xx_hal_adc.o
        10          0          0          0          0       4061   stm32h7xx_hal_adc_ex.o
       370         28          0          0          0      40617   stm32h7xx_hal_cortex.o
      9528        180          8          0          0      15810   stm32h7xx_hal_dma.o
      1256         84          0          0         28      17427   stm32h7xx_hal_flash.o
       572         32          0          0          0       3125   stm32h7xx_hal_flash_ex.o
       924        100          0          0          0       4325   stm32h7xx_hal_gpio.o
      1350        154          0          0          0       3342   stm32h7xx_hal_msp.o
        96          6          0          0          0        829   stm32h7xx_hal_pwr_ex.o
      3424        108          0          0          0       7300   stm32h7xx_hal_rcc.o
      4716        110          0          0          0       7633   stm32h7xx_hal_rcc_ex.o
      7906        182          0          0          0      20028   stm32h7xx_hal_uart.o
         6          0          0          0          0       2529   stm32h7xx_hal_uart_ex.o
       208         54          0          4          0      10505   stm32h7xx_it.o
       168         22         16          8          0       1558   system_stm32h7xx.o
       348         40          0          8        544       3001   systemtask.o
       912         68        768          1       9878      14761   uart_task.o
      1892        172          0         14       4112       9987   update_task.o

    ----------------------------------------------------------------------
     46438       2478       3280        160      48000    1620735   Object Totals
         0          0         32          0          0          0   (incl. Generated)
        48          0          0          9          6          0   (incl. Padding)

    ----------------------------------------------------------------------

      Code (inc. data)   RO Data    RW Data    ZI Data      Debug   Library Member Name

         0          0          0          0          0          0   entry.o
         0          0          0          0          0          0   entry10a.o
         0          0          0          0          0          0   entry11a.o
         8          4          0          0          0          0   entry2.o
         4          0          0          0          0          0   entry5.o
         0          0          0          0          0          0   entry7b.o
         0          0          0          0          0          0   entry8b.o
         8          4          0          0          0          0   entry9a.o
        30          0          0          0          0          0   handlers.o
        36          8          0          0          0         68   init.o
        30          0          0          0          0         68   llshl.o
        32          0          0          0          0         68   llushr.o
        36          0          0          0          0         68   memcpya.o
        36          0          0          0          0        108   memseta.o
        98          0          0          0          0         92   uldiv.o

    ----------------------------------------------------------------------
       318         16          0          0          0        472   Library Totals
         0          0          0          0          0          0   (incl. Padding)

    ----------------------------------------------------------------------

      Code (inc. data)   RO Data    RW Data    ZI Data      Debug   Library Name

       318         16          0          0          0        472   mc_w.l

    ----------------------------------------------------------------------
       318         16          0          0          0        472   Library Totals

    ----------------------------------------------------------------------

==============================================================================


      Code (inc. data)   RO Data    RW Data    ZI Data      Debug   

     46756       2494       3280        160      48000    1600155   Grand Totals
     46756       2494       3280        160      48000    1600155   ELF Image Totals
     46756       2494       3280        160          0          0   ROM Totals

==============================================================================

    Total RO  Size (Code + RO Data)                50036 (  48.86kB)
    Total RW  Size (RW Data + ZI Data)             48160 (  47.03kB)
    Total ROM Size (Code + RO Data + RW Data)      50196 (  49.02kB)

==============================================================================

